Archive member included to satisfy reference by file (symbol)

/opt/st/stm32cubeide_1.6.1/plugins/com.st.stm32cube.ide.mcu.externaltools.gnu-tools-for-stm32.9-2020-q2-update.linux64_1.5.0.202011040924/tools/bin/../lib/gcc/arm-none-eabi/9.3.1/../../../../arm-none-eabi/lib/thumb/v7-m/nofp/libc_nano.a(lib_a-errno.o)
                              Core/Src/syscalls.o (__errno)
/opt/st/stm32cubeide_1.6.1/plugins/com.st.stm32cube.ide.mcu.externaltools.gnu-tools-for-stm32.9-2020-q2-update.linux64_1.5.0.202011040924/tools/bin/../lib/gcc/arm-none-eabi/9.3.1/../../../../arm-none-eabi/lib/thumb/v7-m/nofp/libc_nano.a(lib_a-exit.o)
                              /opt/st/stm32cubeide_1.6.1/plugins/com.st.stm32cube.ide.mcu.externaltools.gnu-tools-for-stm32.9-2020-q2-update.linux64_1.5.0.202011040924/tools/bin/../lib/gcc/arm-none-eabi/9.3.1/../../../../arm-none-eabi/lib/thumb/v7-m/nofp/crt0.o (exit)
/opt/st/stm32cubeide_1.6.1/plugins/com.st.stm32cube.ide.mcu.externaltools.gnu-tools-for-stm32.9-2020-q2-update.linux64_1.5.0.202011040924/tools/bin/../lib/gcc/arm-none-eabi/9.3.1/../../../../arm-none-eabi/lib/thumb/v7-m/nofp/libc_nano.a(lib_a-impure.o)
                              /opt/st/stm32cubeide_1.6.1/plugins/com.st.stm32cube.ide.mcu.externaltools.gnu-tools-for-stm32.9-2020-q2-update.linux64_1.5.0.202011040924/tools/bin/../lib/gcc/arm-none-eabi/9.3.1/../../../../arm-none-eabi/lib/thumb/v7-m/nofp/libc_nano.a(lib_a-exit.o) (_global_impure_ptr)
/opt/st/stm32cubeide_1.6.1/plugins/com.st.stm32cube.ide.mcu.externaltools.gnu-tools-for-stm32.9-2020-q2-update.linux64_1.5.0.202011040924/tools/bin/../lib/gcc/arm-none-eabi/9.3.1/../../../../arm-none-eabi/lib/thumb/v7-m/nofp/libc_nano.a(lib_a-init.o)
                              /opt/st/stm32cubeide_1.6.1/plugins/com.st.stm32cube.ide.mcu.externaltools.gnu-tools-for-stm32.9-2020-q2-update.linux64_1.5.0.202011040924/tools/bin/../lib/gcc/arm-none-eabi/9.3.1/../../../../arm-none-eabi/lib/thumb/v7-m/nofp/crt0.o (__libc_init_array)
/opt/st/stm32cubeide_1.6.1/plugins/com.st.stm32cube.ide.mcu.externaltools.gnu-tools-for-stm32.9-2020-q2-update.linux64_1.5.0.202011040924/tools/bin/../lib/gcc/arm-none-eabi/9.3.1/../../../../arm-none-eabi/lib/thumb/v7-m/nofp/libc_nano.a(lib_a-memset.o)
                              /opt/st/stm32cubeide_1.6.1/plugins/com.st.stm32cube.ide.mcu.externaltools.gnu-tools-for-stm32.9-2020-q2-update.linux64_1.5.0.202011040924/tools/bin/../lib/gcc/arm-none-eabi/9.3.1/../../../../arm-none-eabi/lib/thumb/v7-m/nofp/crt0.o (memset)
/opt/st/stm32cubeide_1.6.1/plugins/com.st.stm32cube.ide.mcu.externaltools.gnu-tools-for-stm32.9-2020-q2-update.linux64_1.5.0.202011040924/tools/bin/../lib/gcc/arm-none-eabi/9.3.1/../../../../arm-none-eabi/lib/thumb/v7-m/nofp/libc_nano.a(lib_a-snprintf.o)
                              Core/Src/mlx90614.o (snprintf)
/opt/st/stm32cubeide_1.6.1/plugins/com.st.stm32cube.ide.mcu.externaltools.gnu-tools-for-stm32.9-2020-q2-update.linux64_1.5.0.202011040924/tools/bin/../lib/gcc/arm-none-eabi/9.3.1/../../../../arm-none-eabi/lib/thumb/v7-m/nofp/libc_nano.a(lib_a-sprintf.o)
                              Core/Src/mlx90614.o (sprintf)
/opt/st/stm32cubeide_1.6.1/plugins/com.st.stm32cube.ide.mcu.externaltools.gnu-tools-for-stm32.9-2020-q2-update.linux64_1.5.0.202011040924/tools/bin/../lib/gcc/arm-none-eabi/9.3.1/../../../../arm-none-eabi/lib/thumb/v7-m/nofp/libc_nano.a(lib_a-strlen.o)
                              Core/Src/mlx90614.o (strlen)
/opt/st/stm32cubeide_1.6.1/plugins/com.st.stm32cube.ide.mcu.externaltools.gnu-tools-for-stm32.9-2020-q2-update.linux64_1.5.0.202011040924/tools/bin/../lib/gcc/arm-none-eabi/9.3.1/../../../../arm-none-eabi/lib/thumb/v7-m/nofp/libc_nano.a(lib_a-nano-svfprintf.o)
                              /opt/st/stm32cubeide_1.6.1/plugins/com.st.stm32cube.ide.mcu.externaltools.gnu-tools-for-stm32.9-2020-q2-update.linux64_1.5.0.202011040924/tools/bin/../lib/gcc/arm-none-eabi/9.3.1/../../../../arm-none-eabi/lib/thumb/v7-m/nofp/libc_nano.a(lib_a-snprintf.o) (_svfprintf_r)
/opt/st/stm32cubeide_1.6.1/plugins/com.st.stm32cube.ide.mcu.externaltools.gnu-tools-for-stm32.9-2020-q2-update.linux64_1.5.0.202011040924/tools/bin/../lib/gcc/arm-none-eabi/9.3.1/../../../../arm-none-eabi/lib/thumb/v7-m/nofp/libc_nano.a(lib_a-nano-vfprintf_i.o)
                              /opt/st/stm32cubeide_1.6.1/plugins/com.st.stm32cube.ide.mcu.externaltools.gnu-tools-for-stm32.9-2020-q2-update.linux64_1.5.0.202011040924/tools/bin/../lib/gcc/arm-none-eabi/9.3.1/../../../../arm-none-eabi/lib/thumb/v7-m/nofp/libc_nano.a(lib_a-nano-svfprintf.o) (_printf_i)
/opt/st/stm32cubeide_1.6.1/plugins/com.st.stm32cube.ide.mcu.externaltools.gnu-tools-for-stm32.9-2020-q2-update.linux64_1.5.0.202011040924/tools/bin/../lib/gcc/arm-none-eabi/9.3.1/../../../../arm-none-eabi/lib/thumb/v7-m/nofp/libc_nano.a(lib_a-memchr-stub.o)
[...]
Memory Configuration

Name             Origin             Length             Attributes
RAM              0x0000000020000000 0x0000000000005000 xrw
FLASH            0x0000000008000000 0x0000000000010000 xr
*default*        0x0000000000000000 0xffffffffffffffff

Linker script and memory map

LOAD /opt/st/stm32cubeide_1.6.1/plugins/com.st.stm32cube.ide.mcu.externaltools.gnu-tools-for-stm32.9-2020-q2-update.linux64_1.5.0.202011040924/tools/bin/../lib/gcc/arm-none-eabi/9.3.1/thumb/v7-m/nofp/crti.o
LOAD /opt/st/stm32cubeide_1.6.1/plugins/com.st.stm32cube.ide.mcu.externaltools.gnu-tools-for-stm32.9-2020-q2-update.linux64_1.5.0.202011040924/tools/bin/../lib/gcc/arm-none-eabi/9.3.1/thumb/v7-m/nofp/crtbegin.o
LOAD /opt/st/stm32cubeide_1.6.1/plugins/com.st.stm32cube.ide.mcu.externaltools.gnu-tools-for-stm32.9-2020-q2-update.linux64_1.5.0.202011040924/tools/bin/../lib/gcc/arm-none-eabi/9.3.1/../../../../arm-none-eabi/lib/thumb/v7-m/nofp/crt0.o
LOAD Core/Src/main.o
LOAD Core/Src/mlx90614.o
LOAD Core/Src/stm32f1xx_hal_msp.o
LOAD Core/Src/stm32f1xx_it.o
LOAD Core/Src/syscalls.o
LOAD Core/Src/sysmem.o
LOAD Core/Src/system_stm32f1xx.o
LOAD Core/Src/telemetriarodas.o
LOAD Core/Startup/startup_stm32f103c8tx.o
LOAD Drivers/STM32F1xx_HAL_Driver/Src/stm32f1xx_hal.o
LOAD Drivers/STM32F1xx_HAL_Driver/Src/stm32f1xx_hal_can.o
LOAD Drivers/STM32F1xx_HAL_Driver/Src/stm32f1xx_hal_cortex.o
LOAD Drivers/STM32F1xx_HAL_Driver/Src/stm32f1xx_hal_dma.o
LOAD Drivers/STM32F1xx_HAL_Driver/Src/stm32f1xx_hal_exti.o
LOAD Drivers/STM32F1xx_HAL_Driver/Src/stm32f1xx_hal_flash.o
LOAD Drivers/STM32F1xx_HAL_Driver/Src/stm32f1xx_hal_flash_ex.o
LOAD Drivers/STM32F1xx_HAL_Driver/Src/stm32f1xx_hal_gpio.o
LOAD Drivers/STM32F1xx_HAL_Driver/Src/stm32f1xx_hal_gpio_ex.o
LOAD Drivers/STM32F1xx_HAL_Driver/Src/stm32f1xx_hal_i2c.o
LOAD Drivers/STM32F1xx_HAL_Driver/Src/stm32f1xx_hal_pwr.o
LOAD Drivers/STM32F1xx_HAL_Driver/Src/stm32f1xx_hal_rcc.o
LOAD Drivers/STM32F1xx_HAL_Driver/Src/stm32f1xx_hal_rcc_ex.o
LOAD Drivers/STM32F1xx_HAL_Driver/Src/stm32f1xx_hal_tim.o
LOAD Drivers/STM32F1xx_HAL_Driver/Src/stm32f1xx_hal_tim_ex.o
LOAD Drivers/STM32F1xx_HAL_Driver/Src/stm32f1xx_hal_uart.o
START GROUP
LOAD /opt/st/stm32cubeide_1.6.1/plugins/com.st.stm32cube.ide.mcu.externaltools.gnu-tools-for-stm32.9-2020-q2-update.linux64_1.5.0.202011040924/tools/bin/../lib/gcc/arm-none-eabi/9.3.1/../../../../arm-none-eabi/lib/thumb/v7-m/nofp/libc_nano.a
LOAD /opt/st/stm32cubeide_1.6.1/plugins/com.st.stm32cube.ide.mcu.externaltools.gnu-tools-for-stm32.9-2020-q2-update.linux64_1.5.0.202011040924/tools/bin/../lib/gcc/arm-none-eabi/9.3.1/../../../../arm-none-eabi/lib/thumb/v7-m/nofp/libm.a
END GROUP
START GROUP
LOAD /opt/st/stm32cubeide_1.6.1/plugins/com.st.stm32cube.ide.mcu.externaltools.gnu-tools-for-stm32.9-2020-q2-update.linux64_1.5.0.202011040924/tools/bin/../lib/gcc/arm-none-eabi/9.3.1/thumb/v7-m/nofp/libgcc.a
LOAD /opt/st/stm32cubeide_1.6.1/plugins/com.st.stm32cube.ide.mcu.externaltools.gnu-tools-for-stm32.9-2020-q2-update.linux64_1.5.0.202011040924/tools/bin/../lib/gcc/arm-none-eabi/9.3.1/../../../../arm-none-eabi/lib/thumb/v7-m/nofp/libc_nano.a
END GROUP
START GROUP
LOAD /opt/st/stm32cubeide_1.6.1/plugins/com.st.stm32cube.ide.mcu.externaltools.gnu-tools-for-stm32.9-2020-q2-update.linux64_1.5.0.202011040924/tools/bin/../lib/gcc/arm-none-eabi/9.3.1/thumb/v7-m/nofp/libgcc.a
LOAD /opt/st/stm32cubeide_1.6.1/plugins/com.st.stm32cube.ide.mcu.externaltools.gnu-tools-for-stm32.9-2020-q2-update.linux64_1.5.0.202011040924/tools/bin/../lib/gcc/arm-none-eabi/9.3.1/../../../../arm-none-eabi/lib/thumb/v7-m/nofp/libc_nano.a
LOAD /opt/st/stm32cubeide_1.6.1/plugins/com.st.stm32cube.ide.mcu.externaltools.gnu-tools-for-stm32.9-2020-q2-update.linux64_1.5.0.202011040924/tools/bin/../lib/gcc/arm-none-eabi/9.3.1/../../../../arm-none-eabi/lib/thumb/v7-m/nofp/libnosys.a
END GROUP
START GROUP
LOAD /opt/st/stm32cubeide_1.6.1/plugins/com.st.stm32cube.ide.mcu.externaltools.gnu-tools-for-stm32.9-2020-q2-update.linux64_1.5.0.202011040924/tools/bin/../lib/gcc/arm-none-eabi/9.3.1/thumb/v7-m/nofp/libgcc.a
LOAD /opt/st/stm32cubeide_1.6.1/plugins/com.st.stm32cube.ide.mcu.externaltools.gnu-tools-for-stm32.9-2020-q2-update.linux64_1.5.0.202011040924/tools/bin/../lib/gcc/arm-none-eabi/9.3.1/../../../../arm-none-eabi/lib/thumb/v7-m/nofp/libc_nano.a
LOAD /opt/st/stm32cubeide_1.6.1/plugins/com.st.stm32cube.ide.mcu.externaltools.gnu-tools-for-stm32.9-2020-q2-update.linux64_1.5.0.202011040924/tools/bin/../lib/gcc/arm-none-eabi/9.3.1/../../../../arm-none-eabi/lib/thumb/v7-m/nofp/libnosys.a
END GROUP
LOAD /opt/st/stm32cubeide_1.6.1/plugins/com.st.stm32cube.ide.mcu.externaltools.gnu-tools-for-stm32.9-2020-q2-update.linux64_1.5.0.202011040924/tools/bin/../lib/gcc/arm-none-eabi/9.3.1/thumb/v7-m/nofp/crtend.o
LOAD /opt/st/stm32cubeide_1.6.1/plugins/com.st.stm32cube.ide.mcu.externaltools.gnu-tools-for-stm32.9-2020-q2-update.linux64_1.5.0.202011040924/tools/bin/../lib/gcc/arm-none-eabi/9.3.1/thumb/v7-m/nofp/crtn.o
                0x0000000020005000                _estack = (ORIGIN (RAM) + LENGTH (RAM))
                0x0000000000000200                _Min_Heap_Size = 0x200
                0x0000000000000400                _Min_Stack_Size = 0x400

.isr_vector     0x0000000008000000      0x10c
                0x0000000008000000                . = ALIGN (0x4)
 *(.isr_vector)
 .isr_vector    0x0000000008000000      0x10c Core/Startup/startup_stm32f103c8tx.o
                0x0000000008000000                g_pfnVectors
                0x000000000800010c                . = ALIGN (0x4)

.text           0x000000000800010c     0x5050
                0x000000000800010c                . = ALIGN (0x4)
 *(.text)
 .text          0x000000000800010c       0x40 /opt/st/stm32cubeide_1.6.1/plugins/com.st.stm32cube.ide.mcu.externaltools.gnu-tools-for-stm32.9-2020-q2-update.linux64_1.5.0.202011040924/tools/bin/../lib/gcc/arm-none-eabi/9.3.1/thumb/v7-m/nofp/crtbegin.o
 .text          0x000000000800014c       0x10 /opt/st/stm32cubeide_1.6.1/plugins/com.st.stm32cube.ide.mcu.externaltools.gnu-tools-for-stm32.9-2020-q2-update.linux64_1.5.0.202011040924/tools/bin/../lib/gcc/arm-none-eabi/9.3.1/../../../../arm-none-eabi/lib/thumb/v7-m/nofp/libc_nano.a(lib_a-strlen.o)
                0x000000000800014c                strlen
 *(.text*)
 .text.main     0x000000000800015c       0x2e Core/Src/main.o
                0x000000000800015c                main
 .text.SystemClock_Config
                0x000000000800018a       0x8a Core/Src/main.o
                0x000000000800018a                SystemClock_Config
 .text.MX_CAN_Init
                0x0000000008000214       0x6c Core/Src/main.o
 .text.MX_I2C2_Init
                0x0000000008000280       0x5c Core/Src/main.o
 .text.MX_TIM1_Init
                0x00000000080002dc       0xc4 Core/Src/main.o
 .text.MX_TIM2_Init
                0x00000000080003a0       0xe8 Core/Src/main.o
 .text.MX_USART1_UART_Init
                0x0000000008000488       0x54 Core/Src/main.o
 .text.MX_GPIO_Init
                0x00000000080004dc       0x5c Core/Src/main.o
 .text.Error_Handler
                0x0000000008000538        0xa Core/Src/main.o
                0x0000000008000538                Error_Handler
 *fill*         0x0000000008000542        0x2 
 .text.CRC8_Calc
                0x0000000008000544       0x5c Core/Src/mlx90614.o
                0x0000000008000544                CRC8_Calc
 .text.MLX90614_ReadReg
                0x00000000080005a0       0xac Core/Src/mlx90614.o
                0x00000000080005a0                MLX90614_ReadReg
 .text.MLX90614_SendDebugMsg
                0x000000000800064c       0x78 Core/Src/mlx90614.o
                0x000000000800064c                MLX90614_SendDebugMsg
 .text.HAL_MspInit
                0x00000000080006c4       0x64 Core/Src/stm32f1xx_hal_msp.o
                0x00000000080006c4                HAL_MspInit
 .text.HAL_CAN_MspInit
                0x0000000008000728       0xa8 Core/Src/stm32f1xx_hal_msp.o
                0x0000000008000728                HAL_CAN_MspInit
 .text.HAL_I2C_MspInit
                0x00000000080007d0       0x80 Core/Src/stm32f1xx_hal_msp.o
                0x00000000080007d0                HAL_I2C_MspInit
 .text.HAL_TIM_IC_MspInit
                0x0000000008000850       0xd8 Core/Src/stm32f1xx_hal_msp.o
                0x0000000008000850                HAL_TIM_IC_MspInit
 .text.HAL_TIM_Base_MspInit
                0x0000000008000928       0x78 Core/Src/stm32f1xx_hal_msp.o
                0x0000000008000928                HAL_TIM_Base_MspInit
 .text.HAL_UART_MspInit
                0x00000000080009a0       0xb4 Core/Src/stm32f1xx_hal_msp.o
                0x00000000080009a0                HAL_UART_MspInit
 .text.NMI_Handler
                0x0000000008000a54        0x6 Core/Src/stm32f1xx_it.o
                0x0000000008000a54                NMI_Handler
 .text.HardFault_Handler
                0x0000000008000a5a        0x6 Core/Src/stm32f1xx_it.o
                0x0000000008000a5a                HardFault_Handler
 .text.MemManage_Handler
                0x0000000008000a60        0x6 Core/Src/stm32f1xx_it.o
                0x0000000008000a60                MemManage_Handler
 .text.BusFault_Handler
                0x0000000008000a66        0x6 Core/Src/stm32f1xx_it.o
                0x0000000008000a66                BusFault_Handler
 .text.UsageFault_Handler
                0x0000000008000a6c        0x6 Core/Src/stm32f1xx_it.o
                0x0000000008000a6c                UsageFault_Handler
 .text.SVC_Handler
                0x0000000008000a72        0xc Core/Src/stm32f1xx_it.o
                0x0000000008000a72                SVC_Handler
 .text.DebugMon_Handler
                0x0000000008000a7e        0xc Core/Src/stm32f1xx_it.o
                0x0000000008000a7e                DebugMon_Handler
 .text.PendSV_Handler
                0x0000000008000a8a        0xc Core/Src/stm32f1xx_it.o
                0x0000000008000a8a                PendSV_Handler
 .text.SysTick_Handler
                0x0000000008000a96        0xc Core/Src/stm32f1xx_it.o
                0x0000000008000a96                SysTick_Handler
 *fill*         0x0000000008000aa2        0x2 
 .text.CAN1_RX1_IRQHandler
                0x0000000008000aa4       0x14 Core/Src/stm32f1xx_it.o
                0x0000000008000aa4                CAN1_RX1_IRQHandler
 .text.TIM1_BRK_IRQHandler
                0x0000000008000ab8       0x14 Core/Src/stm32f1xx_it.o
                0x0000000008000ab8                TIM1_BRK_IRQHandler
 .text.TIM1_UP_IRQHandler
                0x0000000008000acc       0x14 Core/Src/stm32f1xx_it.o
                0x0000000008000acc                TIM1_UP_IRQHandler
 .text.TIM1_TRG_COM_IRQHandler
                0x0000000008000ae0       0x14 Core/Src/stm32f1xx_it.o
                0x0000000008000ae0                TIM1_TRG_COM_IRQHandler
 .text.TIM1_CC_IRQHandler
                0x0000000008000af4       0x14 Core/Src/stm32f1xx_it.o
                0x0000000008000af4                TIM1_CC_IRQHandler
 .text._sbrk    0x0000000008000b08       0x6c Core/Src/sysmem.o
                0x0000000008000b08                _sbrk
 .text.SystemInit
                0x0000000008000b74        0xc Core/Src/system_stm32f1xx.o
                0x0000000008000b74                SystemInit
 .text.setup    0x0000000008000b80      0x158 Core/Src/telemetriarodas.o
                0x0000000008000b80                setup
 .text.HAL_TIM_IC_CaptureCallback
                0x0000000008000cd8       0xb0 Core/Src/telemetriarodas.o
                0x0000000008000cd8                HAL_TIM_IC_CaptureCallback
 .text.sendCANMessage
                0x0000000008000d88       0x54 Core/Src/telemetriarodas.o
                0x0000000008000d88                sendCANMessage
 .text.loop     0x0000000008000ddc       0xd8 Core/Src/telemetriarodas.o
                0x0000000008000ddc                loop
 .text.Reset_Handler
                0x0000000008000eb4       0x48 Core/Startup/startup_stm32f103c8tx.o
                0x0000000008000eb4                Reset_Handler
 .text.Default_Handler
                0x0000000008000efc        0x2 Core/Startup/startup_stm32f103c8tx.o
                0x0000000008000efc                RTC_Alarm_IRQHandler
                0x0000000008000efc                EXTI2_IRQHandler
                0x0000000008000efc                PVD_IRQHandler
                0x0000000008000efc                EXTI3_IRQHandler
                0x0000000008000efc                EXTI0_IRQHandler
                0x0000000008000efc                I2C2_EV_IRQHandler
                0x0000000008000efc                ADC1_2_IRQHandler
                0x0000000008000efc                SPI1_IRQHandler
                0x0000000008000efc                TAMPER_IRQHandler
                0x0000000008000efc                DMA1_Channel4_IRQHandler
                0x0000000008000efc                USART3_IRQHandler
                0x0000000008000efc                RTC_IRQHandler
                0x0000000008000efc                DMA1_Channel7_IRQHandler
                0x0000000008000efc                TIM4_IRQHandler
                0x0000000008000efc                I2C1_EV_IRQHandler
                0x0000000008000efc                DMA1_Channel6_IRQHandler
                0x0000000008000efc                TIM3_IRQHandler
                0x0000000008000efc                RCC_IRQHandler
                0x0000000008000efc                DMA1_Channel1_IRQHandler
                0x0000000008000efc                Default_Handler
                0x0000000008000efc                EXTI15_10_IRQHandler
                0x0000000008000efc                EXTI9_5_IRQHandler
                0x0000000008000efc                SPI2_IRQHandler
                0x0000000008000efc                DMA1_Channel5_IRQHandler
                0x0000000008000efc                EXTI4_IRQHandler
                0x0000000008000efc                USB_LP_CAN1_RX0_IRQHandler
                0x0000000008000efc                USB_HP_CAN1_TX_IRQHandler
                0x0000000008000efc                DMA1_Channel3_IRQHandler
                0x0000000008000efc                WWDG_IRQHandler
                0x0000000008000efc                TIM2_IRQHandler
                0x0000000008000efc                EXTI1_IRQHandler
                0x0000000008000efc                USART2_IRQHandler
                0x0000000008000efc                I2C2_ER_IRQHandler
                0x0000000008000efc                DMA1_Channel2_IRQHandler
                0x0000000008000efc                CAN1_SCE_IRQHandler
                0x0000000008000efc                FLASH_IRQHandler
                0x0000000008000efc                USART1_IRQHandler
                0x0000000008000efc                I2C1_ER_IRQHandler
                0x0000000008000efc                USBWakeUp_IRQHandler
 *fill*         0x0000000008000efe        0x2 
 .text.HAL_Init
                0x0000000008000f00       0x2c Drivers/STM32F1xx_HAL_Driver/Src/stm32f1xx_hal.o
                0x0000000008000f00                HAL_Init
 .text.HAL_InitTick
                0x0000000008000f2c       0x60 Drivers/STM32F1xx_HAL_Driver/Src/stm32f1xx_hal.o
                0x0000000008000f2c                HAL_InitTick
 .text.HAL_IncTick
                0x0000000008000f8c       0x24 Drivers/STM32F1xx_HAL_Driver/Src/stm32f1xx_hal.o
                0x0000000008000f8c                HAL_IncTick
 .text.HAL_GetTick
                0x0000000008000fb0       0x14 Drivers/STM32F1xx_HAL_Driver/Src/stm32f1xx_hal.o
                0x0000000008000fb0                HAL_GetTick
 .text.HAL_Delay
                0x0000000008000fc4       0x48 Drivers/STM32F1xx_HAL_Driver/Src/stm32f1xx_hal.o
                0x0000000008000fc4                HAL_Delay
 .text.HAL_CAN_Init
                0x000000000800100c      0x1f6 Drivers/STM32F1xx_HAL_Driver/Src/stm32f1xx_hal_can.o
                0x000000000800100c                HAL_CAN_Init
 .text.HAL_CAN_ConfigFilter
                0x0000000008001202      0x192 Drivers/STM32F1xx_HAL_Driver/Src/stm32f1xx_hal_can.o
                0x0000000008001202                HAL_CAN_ConfigFilter
 .text.HAL_CAN_Start
                0x0000000008001394       0x88 Drivers/STM32F1xx_HAL_Driver/Src/stm32f1xx_hal_can.o
                0x0000000008001394                HAL_CAN_Start
 .text.HAL_CAN_AddTxMessage
                0x000000000800141c      0x1b4 Drivers/STM32F1xx_HAL_Driver/Src/stm32f1xx_hal_can.o
                0x000000000800141c                HAL_CAN_AddTxMessage
 .text.HAL_CAN_ActivateNotification
                0x00000000080015d0       0x4a Drivers/STM32F1xx_HAL_Driver/Src/stm32f1xx_hal_can.o
                0x00000000080015d0                HAL_CAN_ActivateNotification
 .text.HAL_CAN_IRQHandler
                0x000000000800161a      0x36e Drivers/STM32F1xx_HAL_Driver/Src/stm32f1xx_hal_can.o
                0x000000000800161a                HAL_CAN_IRQHandler
 .text.HAL_CAN_TxMailbox0CompleteCallback
                0x0000000008001988       0x12 Drivers/STM32F1xx_HAL_Driver/Src/stm32f1xx_hal_can.o
                0x0000000008001988                HAL_CAN_TxMailbox0CompleteCallback
 .text.HAL_CAN_TxMailbox1CompleteCallback
                0x000000000800199a       0x12 Drivers/STM32F1xx_HAL_Driver/Src/stm32f1xx_hal_can.o
                0x000000000800199a                HAL_CAN_TxMailbox1CompleteCallback
 .text.HAL_CAN_TxMailbox2CompleteCallback
                0x00000000080019ac       0x12 Drivers/STM32F1xx_HAL_Driver/Src/stm32f1xx_hal_can.o
                0x00000000080019ac                HAL_CAN_TxMailbox2CompleteCallback
 .text.HAL_CAN_TxMailbox0AbortCallback
                0x00000000080019be       0x12 Drivers/STM32F1xx_HAL_Driver/Src/stm32f1xx_hal_can.o
                0x00000000080019be                HAL_CAN_TxMailbox0AbortCallback
 .text.HAL_CAN_TxMailbox1AbortCallback
                0x00000000080019d0       0x12 Drivers/STM32F1xx_HAL_Driver/Src/stm32f1xx_hal_can.o
                0x00000000080019d0                HAL_CAN_TxMailbox1AbortCallback
 .text.HAL_CAN_TxMailbox2AbortCallback
                0x00000000080019e2       0x12 Drivers/STM32F1xx_HAL_Driver/Src/stm32f1xx_hal_can.o
                0x00000000080019e2                HAL_CAN_TxMailbox2AbortCallback
 .text.HAL_CAN_RxFifo0MsgPendingCallback
                0x00000000080019f4       0x12 Drivers/STM32F1xx_HAL_Driver/Src/stm32f1xx_hal_can.o
                0x00000000080019f4                HAL_CAN_RxFifo0MsgPendingCallback
 .text.HAL_CAN_RxFifo0FullCallback
                0x0000000008001a06       0x12 Drivers/STM32F1xx_HAL_Driver/Src/stm32f1xx_hal_can.o
                0x0000000008001a06                HAL_CAN_RxFifo0FullCallback
 .text.HAL_CAN_RxFifo1MsgPendingCallback
                0x0000000008001a18       0x12 Drivers/STM32F1xx_HAL_Driver/Src/stm32f1xx_hal_can.o
                0x0000000008001a18                HAL_CAN_RxFifo1MsgPendingCallback
 .text.HAL_CAN_RxFifo1FullCallback
                0x0000000008001a2a       0x12 Drivers/STM32F1xx_HAL_Driver/Src/stm32f1xx_hal_can.o
                0x0000000008001a2a                HAL_CAN_RxFifo1FullCallback
 .text.HAL_CAN_SleepCallback
                0x0000000008001a3c       0x12 Drivers/STM32F1xx_HAL_Driver/Src/stm32f1xx_hal_can.o
                0x0000000008001a3c                HAL_CAN_SleepCallback
 .text.HAL_CAN_WakeUpFromRxMsgCallback
                0x0000000008001a4e       0x12 Drivers/STM32F1xx_HAL_Driver/Src/stm32f1xx_hal_can.o
                0x0000000008001a4e                HAL_CAN_WakeUpFromRxMsgCallback
 .text.HAL_CAN_ErrorCallback
                0x0000000008001a60       0x12 Drivers/STM32F1xx_HAL_Driver/Src/stm32f1xx_hal_can.o
                0x0000000008001a60                HAL_CAN_ErrorCallback
 *fill*         0x0000000008001a72        0x2 
 .text.__NVIC_SetPriorityGrouping
                0x0000000008001a74       0x48 Drivers/STM32F1xx_HAL_Driver/Src/stm32f1xx_hal_cortex.o
 .text.__NVIC_GetPriorityGrouping
                0x0000000008001abc       0x1c Drivers/STM32F1xx_HAL_Driver/Src/stm32f1xx_hal_cortex.o
 .text.__NVIC_EnableIRQ
                0x0000000008001ad8       0x38 Drivers/STM32F1xx_HAL_Driver/Src/stm32f1xx_hal_cortex.o
 .text.__NVIC_SetPriority
                0x0000000008001b10       0x54 Drivers/STM32F1xx_HAL_Driver/Src/stm32f1xx_hal_cortex.o
 .text.NVIC_EncodePriority
                0x0000000008001b64       0x64 Drivers/STM32F1xx_HAL_Driver/Src/stm32f1xx_hal_cortex.o
 .text.SysTick_Config
                0x0000000008001bc8       0x44 Drivers/STM32F1xx_HAL_Driver/Src/stm32f1xx_hal_cortex.o
 .text.HAL_NVIC_SetPriorityGrouping
                0x0000000008001c0c       0x16 Drivers/STM32F1xx_HAL_Driver/Src/stm32f1xx_hal_cortex.o
                0x0000000008001c0c                HAL_NVIC_SetPriorityGrouping
 .text.HAL_NVIC_SetPriority
                0x0000000008001c22       0x38 Drivers/STM32F1xx_HAL_Driver/Src/stm32f1xx_hal_cortex.o
                0x0000000008001c22                HAL_NVIC_SetPriority
 .text.HAL_NVIC_EnableIRQ
                0x0000000008001c5a       0x1c Drivers/STM32F1xx_HAL_Driver/Src/stm32f1xx_hal_cortex.o
                0x0000000008001c5a                HAL_NVIC_EnableIRQ
 .text.HAL_SYSTICK_Config
                0x0000000008001c76       0x18 Drivers/STM32F1xx_HAL_Driver/Src/stm32f1xx_hal_cortex.o
                0x0000000008001c76                HAL_SYSTICK_Config
 *fill*         0x0000000008001c8e        0x2 
 .text.HAL_GPIO_Init
                0x0000000008001c90      0x308 Drivers/STM32F1xx_HAL_Driver/Src/stm32f1xx_hal_gpio.o
                0x0000000008001c90                HAL_GPIO_Init
 .text.HAL_I2C_Init
                0x0000000008001f98      0x288 Drivers/STM32F1xx_HAL_Driver/Src/stm32f1xx_hal_i2c.o
                0x0000000008001f98                HAL_I2C_Init
 .text.HAL_I2C_Mem_Read
                0x0000000008002220      0x4d0 Drivers/STM32F1xx_HAL_Driver/Src/stm32f1xx_hal_i2c.o
                0x0000000008002220                HAL_I2C_Mem_Read
 .text.HAL_I2C_IsDeviceReady
                0x00000000080026f0      0x25c Drivers/STM32F1xx_HAL_Driver/Src/stm32f1xx_hal_i2c.o
                0x00000000080026f0                HAL_I2C_IsDeviceReady
 .text.I2C_RequestMemoryRead
                0x000000000800294c      0x1d0 Drivers/STM32F1xx_HAL_Driver/Src/stm32f1xx_hal_i2c.o
 .text.I2C_WaitOnFlagUntilTimeout
                0x0000000008002b1c       0xae Drivers/STM32F1xx_HAL_Driver/Src/stm32f1xx_hal_i2c.o
 .text.I2C_WaitOnMasterAddressFlagUntilTimeout
                0x0000000008002bca       0xfe Drivers/STM32F1xx_HAL_Driver/Src/stm32f1xx_hal_i2c.o
 .text.I2C_WaitOnTXEFlagUntilTimeout
                0x0000000008002cc8       0x82 Drivers/STM32F1xx_HAL_Driver/Src/stm32f1xx_hal_i2c.o
 .text.I2C_WaitOnRXNEFlagUntilTimeout
                0x0000000008002d4a       0xac Drivers/STM32F1xx_HAL_Driver/Src/stm32f1xx_hal_i2c.o
 .text.I2C_IsAcknowledgeFailed
                0x0000000008002df6       0x5c Drivers/STM32F1xx_HAL_Driver/Src/stm32f1xx_hal_i2c.o
 *fill*         0x0000000008002e52        0x2 
 .text.HAL_RCC_OscConfig
                0x0000000008002e54      0x500 Drivers/STM32F1xx_HAL_Driver/Src/stm32f1xx_hal_rcc.o
                0x0000000008002e54                HAL_RCC_OscConfig
 .text.HAL_RCC_ClockConfig
                0x0000000008003354      0x1d4 Drivers/STM32F1xx_HAL_Driver/Src/stm32f1xx_hal_rcc.o
                0x0000000008003354                HAL_RCC_ClockConfig
 .text.HAL_RCC_GetSysClockFreq
                0x0000000008003528       0xc0 Drivers/STM32F1xx_HAL_Driver/Src/stm32f1xx_hal_rcc.o
                0x0000000008003528                HAL_RCC_GetSysClockFreq
 .text.HAL_RCC_GetHCLKFreq
                0x00000000080035e8       0x14 Drivers/STM32F1xx_HAL_Driver/Src/stm32f1xx_hal_rcc.o
                0x00000000080035e8                HAL_RCC_GetHCLKFreq
 .text.HAL_RCC_GetPCLK1Freq
                0x00000000080035fc       0x28 Drivers/STM32F1xx_HAL_Driver/Src/stm32f1xx_hal_rcc.o
                0x00000000080035fc                HAL_RCC_GetPCLK1Freq
 .text.HAL_RCC_GetPCLK2Freq
                0x0000000008003624       0x28 Drivers/STM32F1xx_HAL_Driver/Src/stm32f1xx_hal_rcc.o
                0x0000000008003624                HAL_RCC_GetPCLK2Freq
 .text.RCC_Delay
                0x000000000800364c       0x3c Drivers/STM32F1xx_HAL_Driver/Src/stm32f1xx_hal_rcc.o
 .text.HAL_TIM_Base_Init
                0x0000000008003688       0x9e Drivers/STM32F1xx_HAL_Driver/Src/stm32f1xx_hal_tim.o
                0x0000000008003688                HAL_TIM_Base_Init
 .text.HAL_TIM_IC_Init
                0x0000000008003726       0x9e Drivers/STM32F1xx_HAL_Driver/Src/stm32f1xx_hal_tim.o
                0x0000000008003726                HAL_TIM_IC_Init
 .text.HAL_TIM_IC_Start_IT
                0x00000000080037c4      0x20c Drivers/STM32F1xx_HAL_Driver/Src/stm32f1xx_hal_tim.o
                0x00000000080037c4                HAL_TIM_IC_Start_IT
 .text.HAL_TIM_IRQHandler
                0x00000000080039d0      0x210 Drivers/STM32F1xx_HAL_Driver/Src/stm32f1xx_hal_tim.o
                0x00000000080039d0                HAL_TIM_IRQHandler
 .text.HAL_TIM_IC_ConfigChannel
                0x0000000008003be0      0x128 Drivers/STM32F1xx_HAL_Driver/Src/stm32f1xx_hal_tim.o
                0x0000000008003be0                HAL_TIM_IC_ConfigChannel
 .text.HAL_TIM_ConfigClockSource
                0x0000000008003d08      0x188 Drivers/STM32F1xx_HAL_Driver/Src/stm32f1xx_hal_tim.o
                0x0000000008003d08                HAL_TIM_ConfigClockSource
 .text.HAL_TIM_ReadCapturedValue
                0x0000000008003e90       0x88 Drivers/STM32F1xx_HAL_Driver/Src/stm32f1xx_hal_tim.o
                0x0000000008003e90                HAL_TIM_ReadCapturedValue
 .text.HAL_TIM_PeriodElapsedCallback
                0x0000000008003f18       0x12 Drivers/STM32F1xx_HAL_Driver/Src/stm32f1xx_hal_tim.o
                0x0000000008003f18                HAL_TIM_PeriodElapsedCallback
 .text.HAL_TIM_OC_DelayElapsedCallback
                0x0000000008003f2a       0x12 Drivers/STM32F1xx_HAL_Driver/Src/stm32f1xx_hal_tim.o
                0x0000000008003f2a                HAL_TIM_OC_DelayElapsedCallback
 .text.HAL_TIM_PWM_PulseFinishedCallback
                0x0000000008003f3c       0x12 Drivers/STM32F1xx_HAL_Driver/Src/stm32f1xx_hal_tim.o
                0x0000000008003f3c                HAL_TIM_PWM_PulseFinishedCallback
 .text.HAL_TIM_TriggerCallback
                0x0000000008003f4e       0x12 Drivers/STM32F1xx_HAL_Driver/Src/stm32f1xx_hal_tim.o
                0x0000000008003f4e                HAL_TIM_TriggerCallback
 .text.TIM_Base_SetConfig
                0x0000000008003f60       0xc4 Drivers/STM32F1xx_HAL_Driver/Src/stm32f1xx_hal_tim.o
                0x0000000008003f60                TIM_Base_SetConfig
 .text.TIM_TI1_SetConfig
                0x0000000008004024       0xb4 Drivers/STM32F1xx_HAL_Driver/Src/stm32f1xx_hal_tim.o
                0x0000000008004024                TIM_TI1_SetConfig
 .text.TIM_TI1_ConfigInputStage
                0x00000000080040d8       0x5c Drivers/STM32F1xx_HAL_Driver/Src/stm32f1xx_hal_tim.o
 .text.TIM_TI2_SetConfig
                0x0000000008004134       0x78 Drivers/STM32F1xx_HAL_Driver/Src/stm32f1xx_hal_tim.o
 .text.TIM_TI2_ConfigInputStage
                0x00000000080041ac       0x5e Drivers/STM32F1xx_HAL_Driver/Src/stm32f1xx_hal_tim.o
 .text.TIM_TI3_SetConfig
                0x000000000800420a       0x76 Drivers/STM32F1xx_HAL_Driver/Src/stm32f1xx_hal_tim.o
 .text.TIM_TI4_SetConfig
                0x0000000008004280       0x78 Drivers/STM32F1xx_HAL_Driver/Src/stm32f1xx_hal_tim.o
 .text.TIM_ITRx_SetConfig
                0x00000000080042f8       0x34 Drivers/STM32F1xx_HAL_Driver/Src/stm32f1xx_hal_tim.o
 .text.TIM_ETR_SetConfig
                0x000000000800432c       0x3e Drivers/STM32F1xx_HAL_Driver/Src/stm32f1xx_hal_tim.o
                0x000000000800432c                TIM_ETR_SetConfig
 .text.TIM_CCxChannelCmd
                0x000000000800436a       0x48 Drivers/STM32F1xx_HAL_Driver/Src/stm32f1xx_hal_tim.o
                0x000000000800436a                TIM_CCxChannelCmd
 *fill*         0x00000000080043b2        0x2 
 .text.HAL_TIMEx_MasterConfigSynchronization
                0x00000000080043b4       0xbc Drivers/STM32F1xx_HAL_Driver/Src/stm32f1xx_hal_tim_ex.o
                0x00000000080043b4                HAL_TIMEx_MasterConfigSynchronization
 .text.HAL_TIMEx_CommutCallback
                0x0000000008004470       0x12 Drivers/STM32F1xx_HAL_Driver/Src/stm32f1xx_hal_tim_ex.o
                0x0000000008004470                HAL_TIMEx_CommutCallback
 .text.HAL_TIMEx_BreakCallback
                0x0000000008004482       0x12 Drivers/STM32F1xx_HAL_Driver/Src/stm32f1xx_hal_tim_ex.o
                0x0000000008004482                HAL_TIMEx_BreakCallback
 .text.HAL_UART_Init
                0x0000000008004494       0x9a Drivers/STM32F1xx_HAL_Driver/Src/stm32f1xx_hal_uart.o
                0x0000000008004494                HAL_UART_Init
 .text.HAL_UART_Transmit
                0x000000000800452e      0x124 Drivers/STM32F1xx_HAL_Driver/Src/stm32f1xx_hal_uart.o
                0x000000000800452e                HAL_UART_Transmit
 .text.UART_WaitOnFlagUntilTimeout
                0x0000000008004652       0x94 Drivers/STM32F1xx_HAL_Driver/Src/stm32f1xx_hal_uart.o
 *fill*         0x00000000080046e6        0x2 
 .text.UART_SetConfig
                0x00000000080046e8      0x11c Drivers/STM32F1xx_HAL_Driver/Src/stm32f1xx_hal_uart.o
 .text.__errno  0x0000000008004804        0xc /opt/st/stm32cubeide_1.6.1/plugins/com.st.stm32cube.ide.mcu.externaltools.gnu-tools-for-stm32.9-2020-q2-update.linux64_1.5.0.202011040924/tools/bin/../lib/gcc/arm-none-eabi/9.3.1/../../../../arm-none-eabi/lib/thumb/v7-m/nofp/libc_nano.a(lib_a-errno.o)
                0x0000000008004804                __errno
 .text.__libc_init_array
                0x0000000008004810       0x48 /opt/st/stm32cubeide_1.6.1/plugins/com.st.stm32cube.ide.mcu.externaltools.gnu-tools-for-stm32.9-2020-q2-update.linux64_1.5.0.202011040924/tools/bin/../lib/gcc/arm-none-eabi/9.3.1/../../../../arm-none-eabi/lib/thumb/v7-m/nofp/libc_nano.a(lib_a-init.o)
                0x0000000008004810                __libc_init_array
 .text.memset   0x0000000008004858       0x10 /opt/st/stm32cubeide_1.6.1/plugins/com.st.stm32cube.ide.mcu.externaltools.gnu-tools-for-stm32.9-2020-q2-update.linux64_1.5.0.202011040924/tools/bin/../lib/gcc/arm-none-eabi/9.3.1/../../../../arm-none-eabi/lib/thumb/v7-m/nofp/libc_nano.a(lib_a-memset.o)
                0x0000000008004858                memset
 .text.snprintf
                0x0000000008004868       0x68 /opt/st/stm32cubeide_1.6.1/plugins/com.st.stm32cube.ide.mcu.externaltools.gnu-tools-for-stm32.9-2020-q2-update.linux64_1.5.0.202011040924/tools/bin/../lib/gcc/arm-none-eabi/9.3.1/../../../../arm-none-eabi/lib/thumb/v7-m/nofp/libc_nano.a(lib_a-snprintf.o)
                0x0000000008004868                snprintf
                0x0000000008004868                sniprintf
 .text.sprintf  0x00000000080048d0       0x40 /opt/st/stm32cubeide_1.6.1/plugins/com.st.stm32cube.ide.mcu.externaltools.gnu-tools-for-stm32.9-2020-q2-update.linux64_1.5.0.202011040924/tools/bin/../lib/gcc/arm-none-eabi/9.3.1/../../../../arm-none-eabi/lib/thumb/v7-m/nofp/libc_nano.a(lib_a-sprintf.o)
                0x00000000080048d0                sprintf
                0x00000000080048d0                siprintf
 .text.__ssputs_r
                0x0000000008004910       0xb6 /opt/st/stm32cubeide_1.6.1/plugins/com.st.stm32cube.ide.mcu.externaltools.gnu-tools-for-stm32.9-2020-q2-update.linux64_1.5.0.202011040924/tools/bin/../lib/gcc/arm-none-eabi/9.3.1/../../../../arm-none-eabi/lib/thumb/v7-m/nofp/libc_nano.a(lib_a-nano-svfprintf.o)
                0x0000000008004910                __ssputs_r
 *fill*         0x00000000080049c6        0x2 
 .text._svfprintf_r
                0x00000000080049c8      0x200 /opt/st/stm32cubeide_1.6.1/plugins/com.st.stm32cube.ide.mcu.externaltools.gnu-tools-for-stm32.9-2020-q2-update.linux64_1.5.0.202011040924/tools/bin/../lib/gcc/arm-none-eabi/9.3.1/../../../../arm-none-eabi/lib/thumb/v7-m/nofp/libc_nano.a(lib_a-nano-svfprintf.o)
                0x00000000080049c8                _svfprintf_r
                0x00000000080049c8                _svfiprintf_r
 .text._printf_common
                0x0000000008004bc8       0xde /opt/st/stm32cubeide_1.6.1/plugins/com.st.stm32cube.ide.mcu.externaltools.gnu-tools-for-stm32.9-2020-q2-update.linux64_1.5.0.202011040924/tools/bin/../lib/gcc/arm-none-eabi/9.3.1/../../../../arm-none-eabi/lib/thumb/v7-m/nofp/libc_nano.a(lib_a-nano-vfprintf_i.o)
                0x0000000008004bc8                _printf_common
 *fill*         0x0000000008004ca6        0x2 
 .text._printf_i
                0x0000000008004ca8      0x24c /opt/st/stm32cubeide_1.6.1/plugins/com.st.stm32cube.ide.mcu.externaltools.gnu-tools-for-stm32.9-2020-q2-update.linux64_1.5.0.202011040924/tools/bin/../lib/gcc/arm-none-eabi/9.3.1/../../../../arm-none-eabi/lib/thumb/v7-m/nofp/libc_nano.a(lib_a-nano-vfprintf_i.o)
                0x0000000008004ca8                _printf_i
 .text.memchr   0x0000000008004ef4       0x1c /opt/st/stm32cubeide_1.6.1/plugins/com.st.stm32cube.ide.mcu.externaltools.gnu-tools-for-stm32.9-2020-q2-update.linux64_1.5.0.202011040924/tools/bin/../lib/gcc/arm-none-eabi/9.3.1/../../../../arm-none-eabi/lib/thumb/v7-m/nofp/libc_nano.a(lib_a-memchr-stub.o)
                0x0000000008004ef4                memchr
 .text.memcpy   0x0000000008004f10       0x1c /opt/st/stm32cubeide_1.6.1/plugins/com.st.stm32cube.ide.mcu.externaltools.gnu-tools-for-stm32.9-2020-q2-update.linux64_1.5.0.202011040924/tools/bin/../lib/gcc/arm-none-eabi/9.3.1/../../../../arm-none-eabi/lib/thumb/v7-m/nofp/libc_nano.a(lib_a-memcpy-stub.o)
                0x0000000008004f10                memcpy
 .text.memmove  0x0000000008004f2c       0x34 /opt/st/stm32cubeide_1.6.1/plugins/com.st.stm32cube.ide.mcu.externaltools.gnu-tools-for-stm32.9-2020-q2-update.linux64_1.5.0.202011040924/tools/bin/../lib/gcc/arm-none-eabi/9.3.1/../../../../arm-none-eabi/lib/thumb/v7-m/nofp/libc_nano.a(lib_a-memmove.o)
                0x0000000008004f2c                memmove
 .text._free_r  0x0000000008004f60       0x98 /opt/st/stm32cubeide_1.6.1/plugins/com.st.stm32cube.ide.mcu.externaltools.gnu-tools-for-stm32.9-2020-q2-update.linux64_1.5.0.202011040924/tools/bin/../lib/gcc/arm-none-eabi/9.3.1/../../../../arm-none-eabi/lib/thumb/v7-m/nofp/libc_nano.a(lib_a-nano-freer.o)
                0x0000000008004f60                _free_r
 .text._malloc_r
                0x0000000008004ff8       0xb4 /opt/st/stm32cubeide_1.6.1/plugins/com.st.stm32cube.ide.mcu.externaltools.gnu-tools-for-stm32.9-2020-q2-update.linux64_1.5.0.202011040924/tools/bin/../lib/gcc/arm-none-eabi/9.3.1/../../../../arm-none-eabi/lib/thumb/v7-m/nofp/libc_nano.a(lib_a-nano-mallocr.o)
                0x0000000008004ff8                _malloc_r
 .text._realloc_r
                0x00000000080050ac       0x4c /opt/st/stm32cubeide_1.6.1/plugins/com.st.stm32cube.ide.mcu.externaltools.gnu-tools-for-stm32.9-2020-q2-update.linux64_1.5.0.202011040924/tools/bin/../lib/gcc/arm-none-eabi/9.3.1/../../../../arm-none-eabi/lib/thumb/v7-m/nofp/libc_nano.a(lib_a-nano-reallocr.o)
                0x00000000080050ac                _realloc_r
 .text._sbrk_r  0x00000000080050f8       0x20 /opt/st/stm32cubeide_1.6.1/plugins/com.st.stm32cube.ide.mcu.externaltools.gnu-tools-for-stm32.9-2020-q2-update.linux64_1.5.0.202011040924/tools/bin/../lib/gcc/arm-none-eabi/9.3.1/../../../../arm-none-eabi/lib/thumb/v7-m/nofp/libc_nano.a(lib_a-sbrkr.o)
                0x00000000080050f8                _sbrk_r
 .text.__malloc_lock
                0x0000000008005118        0xc /opt/st/stm32cubeide_1.6.1/plugins/com.st.stm32cube.ide.mcu.externaltools.gnu-tools-for-stm32.9-2020-q2-update.linux64_1.5.0.202011040924/tools/bin/../lib/gcc/arm-none-eabi/9.3.1/../../../../arm-none-eabi/lib/thumb/v7-m/nofp/libc_nano.a(lib_a-mlock.o)
                0x0000000008005118                __malloc_lock
 .text.__malloc_unlock
                0x0000000008005124        0xc /opt/st/stm32cubeide_1.6.1/plugins/com.st.stm32cube.ide.mcu.externaltools.gnu-tools-for-stm32.9-2020-q2-update.linux64_1.5.0.202011040924/tools/bin/../lib/gcc/arm-none-eabi/9.3.1/../../../../arm-none-eabi/lib/thumb/v7-m/nofp/libc_nano.a(lib_a-mlock.o)
                0x0000000008005124                __malloc_unlock
 .text._malloc_usable_size_r
                0x0000000008005130       0x10 /opt/st/stm32cubeide_1.6.1/plugins/com.st.stm32cube.ide.mcu.externaltools.gnu-tools-for-stm32.9-2020-q2-update.linux64_1.5.0.202011040924/tools/bin/../lib/gcc/arm-none-eabi/9.3.1/../../../../arm-none-eabi/lib/thumb/v7-m/nofp/libc_nano.a(lib_a-nano-msizer.o)
                0x0000000008005130                _malloc_usable_size_r
 .text.__retarget_lock_acquire_recursive
                0x0000000008005140        0x2 /opt/st/stm32cubeide_1.6.1/plugins/com.st.stm32cube.ide.mcu.externaltools.gnu-tools-for-stm32.9-2020-q2-update.linux64_1.5.0.202011040924/tools/bin/../lib/gcc/arm-none-eabi/9.3.1/../../../../arm-none-eabi/lib/thumb/v7-m/nofp/libc_nano.a(lib_a-lock.o)
                0x0000000008005140                __retarget_lock_acquire_recursive
 .text.__retarget_lock_release_recursive
                0x0000000008005142        0x2 /opt/st/stm32cubeide_1.6.1/plugins/com.st.stm32cube.ide.mcu.externaltools.gnu-tools-for-stm32.9-2020-q2-update.linux64_1.5.0.202011040924/tools/bin/../lib/gcc/arm-none-eabi/9.3.1/../../../../arm-none-eabi/lib/thumb/v7-m/nofp/libc_nano.a(lib_a-lock.o)
                0x0000000008005142                __retarget_lock_release_recursive
 *(.glue_7)
 .glue_7        0x0000000008005144        0x0 linker stubs
 *(.glue_7t)
 .glue_7t       0x0000000008005144        0x0 linker stubs
 *(.eh_frame)
 .eh_frame      0x0000000008005144        0x0 /opt/st/stm32cubeide_1.6.1/plugins/com.st.stm32cube.ide.mcu.externaltools.gnu-tools-for-stm32.9-2020-q2-update.linux64_1.5.0.202011040924/tools/bin/../lib/gcc/arm-none-eabi/9.3.1/thumb/v7-m/nofp/crtbegin.o
 *(.init)
 .init          0x0000000008005144        0x4 /opt/st/stm32cubeide_1.6.1/plugins/com.st.stm32cube.ide.mcu.externaltools.gnu-tools-for-stm32.9-2020-q2-update.linux64_1.5.0.202011040924/tools/bin/../lib/gcc/arm-none-eabi/9.3.1/thumb/v7-m/nofp/crti.o
                0x0000000008005144                _init
 .init          0x0000000008005148        0x8 /opt/st/stm32cubeide_1.6.1/plugins/com.st.stm32cube.ide.mcu.externaltools.gnu-tools-for-stm32.9-2020-q2-update.linux64_1.5.0.202011040924/tools/bin/../lib/gcc/arm-none-eabi/9.3.1/thumb/v7-m/nofp/crtn.o
 *(.fini)
 .fini          0x0000000008005150        0x4 /opt/st/stm32cubeide_1.6.1/plugins/com.st.stm32cube.ide.mcu.externaltools.gnu-tools-for-stm32.9-2020-q2-update.linux64_1.5.0.202011040924/tools/bin/../lib/gcc/arm-none-eabi/9.3.1/thumb/v7-m/nofp/crti.o
                0x0000000008005150                _fini
 .fini          0x0000000008005154        0x8 /opt/st/stm32cubeide_1.6.1/plugins/com.st.stm32cube.ide.mcu.externaltools.gnu-tools-for-stm32.9-2020-q2-update.linux64_1.5.0.202011040924/tools/bin/../lib/gcc/arm-none-eabi/9.3.1/thumb/v7-m/nofp/crtn.o
                0x000000000800515c                . = ALIGN (0x4)
                0x000000000800515c                _etext = .

.vfp11_veneer   0x000000000800515c        0x0
 .vfp11_veneer  0x000000000800515c        0x0 linker stubs

.v4_bx          0x000000000800515c        0x0
 .v4_bx         0x000000000800515c        0x0 linker stubs

.iplt           0x000000000800515c        0x0
 .iplt          0x000000000800515c        0x0 /opt/st/stm32cubeide_1.6.1/plugins/com.st.stm32cube.ide.mcu.externaltools.gnu-tools-for-stm32.9-2020-q2-update.linux64_1.5.0.202011040924/tools/bin/../lib/gcc/arm-none-eabi/9.3.1/thumb/v7-m/nofp/crtbegin.o

.rodata         0x000000000800515c      0x21c
                0x000000000800515c                . = ALIGN (0x4)
 *(.rodata)
 .rodata        0x000000000800515c       0x99 Core/Src/mlx90614.o
 *fill*         0x00000000080051f5        0x3 
 .rodata        0x00000000080051f8       0x23 Core/Src/telemetriarodas.o
 *fill*         0x000000000800521b        0x1 
 .rodata        0x000000000800521c       0x10 Drivers/STM32F1xx_HAL_Driver/Src/stm32f1xx_hal_rcc.o
 *(.rodata*)
 .rodata.crc_table
                0x000000000800522c      0x100 Core/Src/mlx90614.o
 .rodata.AHBPrescTable
                0x000000000800532c       0x10 Core/Src/system_stm32f1xx.o
                0x000000000800532c                AHBPrescTable
 .rodata.APBPrescTable
                0x000000000800533c        0x8 Core/Src/system_stm32f1xx.o
                0x000000000800533c                APBPrescTable
 .rodata._svfprintf_r.str1.1
                0x0000000008005344       0x11 /opt/st/stm32cubeide_1.6.1/plugins/com.st.stm32cube.ide.mcu.externaltools.gnu-tools-for-stm32.9-2020-q2-update.linux64_1.5.0.202011040924/tools/bin/../lib/gcc/arm-none-eabi/9.3.1/../../../../arm-none-eabi/lib/thumb/v7-m/nofp/libc_nano.a(lib_a-nano-svfprintf.o)
 .rodata._printf_i.str1.1
                0x0000000008005355       0x22 /opt/st/stm32cubeide_1.6.1/plugins/com.st.stm32cube.ide.mcu.externaltools.gnu-tools-for-stm32.9-2020-q2-update.linux64_1.5.0.202011040924/tools/bin/../lib/gcc/arm-none-eabi/9.3.1/../../../../arm-none-eabi/lib/thumb/v7-m/nofp/libc_nano.a(lib_a-nano-vfprintf_i.o)
                0x0000000008005378                . = ALIGN (0x4)
 *fill*         0x0000000008005377        0x1 

.rel.dyn        0x0000000008005378        0x0
 .rel.iplt      0x0000000008005378        0x0 /opt/st/stm32cubeide_1.6.1/plugins/com.st.stm32cube.ide.mcu.externaltools.gnu-tools-for-stm32.9-2020-q2-update.linux64_1.5.0.202011040924/tools/bin/../lib/gcc/arm-none-eabi/9.3.1/thumb/v7-m/nofp/crtbegin.o

.ARM.extab      0x0000000008005378        0x0
                0x0000000008005378                . = ALIGN (0x4)
 *(.ARM.extab* .gnu.linkonce.armextab.*)
                0x0000000008005378                . = ALIGN (0x4)

.ARM            0x0000000008005378        0x0
                0x0000000008005378                . = ALIGN (0x4)
                0x0000000008005378                __exidx_start = .
 *(.ARM.exidx*)
                0x0000000008005378                __exidx_end = .
                0x0000000008005378                . = ALIGN (0x4)

.preinit_array  0x0000000008005378        0x0
                0x0000000008005378                . = ALIGN (0x4)
                0x0000000008005378                PROVIDE (__preinit_array_start = .)
 *(.preinit_array*)
                0x0000000008005378                PROVIDE (__preinit_array_end = .)
                0x0000000008005378                . = ALIGN (0x4)

.init_array     0x0000000008005378        0x4
                0x0000000008005378                . = ALIGN (0x4)
                0x0000000008005378                PROVIDE (__init_array_start = .)
 *(SORT_BY_NAME(.init_array.*))
 *(.init_array*)
 .init_array    0x0000000008005378        0x4 /opt/st/stm32cubeide_1.6.1/plugins/com.st.stm32cube.ide.mcu.externaltools.gnu-tools-for-stm32.9-2020-q2-update.linux64_1.5.0.202011040924/tools/bin/../lib/gcc/arm-none-eabi/9.3.1/thumb/v7-m/nofp/crtbegin.o
                0x000000000800537c                PROVIDE (__init_array_end = .)
                0x000000000800537c                . = ALIGN (0x4)

.fini_array     0x000000000800537c        0x4
                0x000000000800537c                . = ALIGN (0x4)
                [!provide]                        PROVIDE (__fini_array_start = .)
 *(SORT_BY_NAME(.fini_array.*))
 *(.fini_array*)
 .fini_array    0x000000000800537c        0x4 /opt/st/stm32cubeide_1.6.1/plugins/com.st.stm32cube.ide.mcu.externaltools.gnu-tools-for-stm32.9-2020-q2-update.linux64_1.5.0.202011040924/tools/bin/../lib/gcc/arm-none-eabi/9.3.1/thumb/v7-m/nofp/crtbegin.o
                [!provide]                        PROVIDE (__fini_array_end = .)
                0x0000000008005380                . = ALIGN (0x4)
                0x0000000008005380                _sidata = LOADADDR (.data)

.data           0x0000000020000000       0x70 load address 0x0000000008005380
                0x0000000020000000                . = ALIGN (0x4)
                0x0000000020000000                _sdata = .
 *(.data)
 *(.data*)
 .data.SystemCoreClock
                0x0000000020000000        0x4 Core/Src/system_stm32f1xx.o
                0x0000000020000000                SystemCoreClock
 .data.uwTickPrio
                0x0000000020000004        0x4 Drivers/STM32F1xx_HAL_Driver/Src/stm32f1xx_hal.o
                0x0000000020000004                uwTickPrio
 .data.uwTickFreq
                0x0000000020000008        0x1 Drivers/STM32F1xx_HAL_Driver/Src/stm32f1xx_hal.o
                0x0000000020000008                uwTickFreq
 *fill*         0x0000000020000009        0x3 
 .data._impure_ptr
                0x000000002000000c        0x4 /opt/st/stm32cubeide_1.6.1/plugins/com.st.stm32cube.ide.mcu.externaltools.gnu-tools-for-stm32.9-2020-q2-update.linux64_1.5.0.202011040924/tools/bin/../lib/gcc/arm-none-eabi/9.3.1/../../../../arm-none-eabi/lib/thumb/v7-m/nofp/libc_nano.a(lib_a-impure.o)
                0x000000002000000c                _impure_ptr
 .data.impure_data
                0x0000000020000010       0x60 /opt/st/stm32cubeide_1.6.1/plugins/com.st.stm32cube.ide.mcu.externaltools.gnu-tools-for-stm32.9-2020-q2-update.linux64_1.5.0.202011040924/tools/bin/../lib/gcc/arm-none-eabi/9.3.1/../../../../arm-none-eabi/lib/thumb/v7-m/nofp/libc_nano.a(lib_a-impure.o)
 *(.RamFunc)
 *(.RamFunc*)
                0x0000000020000070                . = ALIGN (0x4)
                0x0000000020000070                _edata = .

.igot.plt       0x0000000020000070        0x0 load address 0x00000000080053f0
 .igot.plt      0x0000000020000070        0x0 /opt/st/stm32cubeide_1.6.1/plugins/com.st.stm32cube.ide.mcu.externaltools.gnu-tools-for-stm32.9-2020-q2-update.linux64_1.5.0.202011040924/tools/bin/../lib/gcc/arm-none-eabi/9.3.1/thumb/v7-m/nofp/crtbegin.o
                0x0000000020000070                . = ALIGN (0x4)

.bss            0x0000000020000070      0x2cc load address 0x00000000080053f0
                0x0000000020000070                _sbss = .
                0x0000000020000070                __bss_start__ = _sbss
 *(.bss)
 .bss           0x0000000020000070       0x1c /opt/st/stm32cubeide_1.6.1/plugins/com.st.stm32cube.ide.mcu.externaltools.gnu-tools-for-stm32.9-2020-q2-update.linux64_1.5.0.202011040924/tools/bin/../lib/gcc/arm-none-eabi/9.3.1/thumb/v7-m/nofp/crtbegin.o
 *(.bss*)
 .bss.temp_buff
                0x000000002000008c       0x80 Core/Src/mlx90614.o
                0x000000002000008c                temp_buff
 .bss.__sbrk_heap_end
                0x000000002000010c        0x4 Core/Src/sysmem.o
 .bss.uwIC2Value1
                0x0000000020000110        0x4 Core/Src/telemetriarodas.o
                0x0000000020000110                uwIC2Value1
 .bss.uwIC2Value2
                0x0000000020000114        0x4 Core/Src/telemetriarodas.o
                0x0000000020000114                uwIC2Value2
 .bss.uwDiffCapture
                0x0000000020000118        0x4 Core/Src/telemetriarodas.o
                0x0000000020000118                uwDiffCapture
 .bss.uhCaptureIndex
                0x000000002000011c        0x2 Core/Src/telemetriarodas.o
                0x000000002000011c                uhCaptureIndex
 .bss.uwFrequency
                0x000000002000011e        0x2 Core/Src/telemetriarodas.o
                0x000000002000011e                uwFrequency
 .bss.__malloc_free_list
                0x0000000020000120        0x4 /opt/st/stm32cubeide_1.6.1/plugins/com.st.stm32cube.ide.mcu.externaltools.gnu-tools-for-stm32.9-2020-q2-update.linux64_1.5.0.202011040924/tools/bin/../lib/gcc/arm-none-eabi/9.3.1/../../../../arm-none-eabi/lib/thumb/v7-m/nofp/libc_nano.a(lib_a-nano-mallocr.o)
                0x0000000020000120                __malloc_free_list
 .bss.__malloc_sbrk_start
                0x0000000020000124        0x4 /opt/st/stm32cubeide_1.6.1/plugins/com.st.stm32cube.ide.mcu.externaltools.gnu-tools-for-stm32.9-2020-q2-update.linux64_1.5.0.202011040924/tools/bin/../lib/gcc/arm-none-eabi/9.3.1/../../../../arm-none-eabi/lib/thumb/v7-m/nofp/libc_nano.a(lib_a-nano-mallocr.o)
                0x0000000020000124                __malloc_sbrk_start
 *(COMMON)
 COMMON         0x0000000020000128      0x1fd Core/Src/main.o
                0x0000000020000128                mailbox
                0x000000002000012c                hi2c2
                0x0000000020000180                hcan
                0x00000000200001a8                hdma_usart1_tx
                0x00000000200001ec                hdma_usart1_rx
                0x0000000020000230                huart1
                0x0000000020000274                htim1
                0x00000000200002bc                htim2
                0x0000000020000304                TxHeader
                0x000000002000031c                CAN_OUT
                0x0000000020000324                mux
 *fill*         0x0000000020000325        0x3 
 COMMON         0x0000000020000328        0x4 Drivers/STM32F1xx_HAL_Driver/Src/stm32f1xx_hal.o
                0x0000000020000328                uwTick
 COMMON         0x000000002000032c        0x4 /opt/st/stm32cubeide_1.6.1/plugins/com.st.stm32cube.ide.mcu.externaltools.gnu-tools-for-stm32.9-2020-q2-update.linux64_1.5.0.202011040924/tools/bin/../lib/gcc/arm-none-eabi/9.3.1/../../../../arm-none-eabi/lib/thumb/v7-m/nofp/libc_nano.a(lib_a-reent.o)
                0x000000002000032c                errno
 COMMON         0x0000000020000330        0x9 /opt/st/stm32cubeide_1.6.1/plugins/com.st.stm32cube.ide.mcu.externaltools.gnu-tools-for-stm32.9-2020-q2-update.linux64_1.5.0.202011040924/tools/bin/../lib/gcc/arm-none-eabi/9.3.1/../../../../arm-none-eabi/lib/thumb/v7-m/nofp/libc_nano.a(lib_a-lock.o)
                0x0000000020000330                __lock___atexit_recursive_mutex
                0x0000000020000331                __lock___arc4random_mutex
                0x0000000020000332                __lock___env_recursive_mutex
                0x0000000020000333                __lock___sinit_recursive_mutex
                0x0000000020000334                __lock___malloc_recursive_mutex
                0x0000000020000335                __lock___at_quick_exit_mutex
                0x0000000020000336                __lock___dd_hash_mutex
                0x0000000020000337                __lock___tz_mutex
                0x0000000020000338                __lock___sfp_recursive_mutex
                0x000000002000033c                . = ALIGN (0x4)
 *fill*         0x0000000020000339        0x3 
                0x000000002000033c                _ebss = .
                0x000000002000033c                __bss_end__ = _ebss

._user_heap_stack
                0x000000002000033c      0x604 load address 0x00000000080053f0
                0x0000000020000340                . = ALIGN (0x8)
 *fill*         0x000000002000033c        0x4 
                [!provide]                        PROVIDE (end = .)
                0x0000000020000340                PROVIDE (_end = .)
                0x0000000020000540                . = (. + _Min_Heap_Size)
 *fill*         0x0000000020000340      0x200 
                0x0000000020000940                . = (. + _Min_Stack_Size)
 *fill*         0x0000000020000540      0x400 
                0x0000000020000940                . = ALIGN (0x8)

/DISCARD/
 libc.a(*)
 libm.a(*)
 libgcc.a(*)

.ARM.attributes
                0x0000000000000000       0x29
 *(.ARM.attributes)
 .ARM.attributes
                0x0000000000000000       0x1d /opt/st/stm32cubeide_1.6.1/plugins/com.st.stm32cube.ide.mcu.externaltools.gnu-tools-for-stm32.9-2020-q2-update.linux64_1.5.0.202011040924/tools/bin/../lib/gcc/arm-none-eabi/9.3.1/thumb/v7-m/nofp/crti.o
 .ARM.attributes
                0x000000000000001d       0x2d /opt/st/stm32cubeide_1.6.1/plugins/com.st.stm32cube.ide.mcu.externaltools.gnu-tools-for-stm32.9-2020-q2-update.linux64_1.5.0.202011040924/tools/bin/../lib/gcc/arm-none-eabi/9.3.1/thumb/v7-m/nofp/crtbegin.o
 .ARM.attributes
                0x000000000000004a       0x2d Core/Src/main.o
 .ARM.attributes
                0x0000000000000077       0x2d Core/Src/mlx90614.o
 .ARM.attributes
                0x00000000000000a4       0x2d Core/Src/stm32f1xx_hal_msp.o
 .ARM.attributes
                0x00000000000000d1       0x2d Core/Src/stm32f1xx_it.o
 .ARM.attributes
                0x00000000000000fe       0x2d Core/Src/sysmem.o
 .ARM.attributes
                0x000000000000012b       0x2d Core/Src/system_stm32f1xx.o
 .ARM.attributes
                0x0000000000000158       0x2d Core/Src/telemetriarodas.o
 .ARM.attributes
                0x0000000000000185       0x21 Core/Startup/startup_stm32f103c8tx.o
 .ARM.attributes
                0x00000000000001a6       0x2d Drivers/STM32F1xx_HAL_Driver/Src/stm32f1xx_hal.o
 .ARM.attributes
                0x00000000000001d3       0x2d Drivers/STM32F1xx_HAL_Driver/Src/stm32f1xx_hal_can.o
 .ARM.attributes
                0x0000000000000200       0x2d Drivers/STM32F1xx_HAL_Driver/Src/stm32f1xx_hal_cortex.o
 .ARM.attributes
                0x000000000000022d       0x2d Drivers/STM32F1xx_HAL_Driver/Src/stm32f1xx_hal_gpio.o
 .ARM.attributes
                0x000000000000025a       0x2d Drivers/STM32F1xx_HAL_Driver/Src/stm32f1xx_hal_i2c.o
 .ARM.attributes
                0x0000000000000287       0x2d Drivers/STM32F1xx_HAL_Driver/Src/stm32f1xx_hal_rcc.o
 .ARM.attributes
                0x00000000000002b4       0x2d Drivers/STM32F1xx_HAL_Driver/Src/stm32f1xx_hal_tim.o
 .ARM.attributes
                0x00000000000002e1       0x2d Drivers/STM32F1xx_HAL_Driver/Src/stm32f1xx_hal_tim_ex.o
 .ARM.attributes
                0x000000000000030e       0x2d Drivers/STM32F1xx_HAL_Driver/Src/stm32f1xx_hal_uart.o
 .ARM.attributes
                0x000000000000033b       0x2d /opt/st/stm32cubeide_1.6.1/plugins/com.st.stm32cube.ide.mcu.externaltools.gnu-tools-for-stm32.9-2020-q2-update.linux64_1.5.0.202011040924/tools/bin/../lib/gcc/arm-none-eabi/9.3.1/../../../../arm-none-eabi/lib/thumb/v7-m/nofp/libc_nano.a(lib_a-errno.o)
 .ARM.attributes
                0x0000000000000368       0x2d /opt/st/stm32cubeide_1.6.1/plugins/com.st.stm32cube.ide.mcu.externaltools.gnu-tools-for-stm32.9-2020-q2-update.linux64_1.5.0.202011040924/tools/bin/../lib/gcc/arm-none-eabi/9.3.1/../../../../arm-none-eabi/lib/thumb/v7-m/nofp/libc_nano.a(lib_a-impure.o)
 .ARM.attributes
                0x0000000000000395       0x2d /opt/st/stm32cubeide_1.6.1/plugins/com.st.stm32cube.ide.mcu.externaltools.gnu-tools-for-stm32.9-2020-q2-update.linux64_1.5.0.202011040924/tools/bin/../lib/gcc/arm-none-eabi/9.3.1/../../../../arm-none-eabi/lib/thumb/v7-m/nofp/libc_nano.a(lib_a-init.o)
 .ARM.attributes
                0x00000000000003c2       0x2d /opt/st/stm32cubeide_1.6.1/plugins/com.st.stm32cube.ide.mcu.externaltools.gnu-tools-for-stm32.9-2020-q2-update.linux64_1.5.0.202011040924/tools/bin/../lib/gcc/arm-none-eabi/9.3.1/../../../../arm-none-eabi/lib/thumb/v7-m/nofp/libc_nano.a(lib_a-memset.o)
 .ARM.attributes
                0x00000000000003ef       0x2d /opt/st/stm32cubeide_1.6.1/plugins/com.st.stm32cube.ide.mcu.externaltools.gnu-tools-for-stm32.9-2020-q2-update.linux64_1.5.0.202011040924/tools/bin/../lib/gcc/arm-none-eabi/9.3.1/../../../../arm-none-eabi/lib/thumb/v7-m/nofp/libc_nano.a(lib_a-snprintf.o)
 .ARM.attributes
                0x000000000000041c       0x2d /opt/st/stm32cubeide_1.6.1/plugins/com.st.stm32cube.ide.mcu.externaltools.gnu-tools-for-stm32.9-2020-q2-update.linux64_1.5.0.202011040924/tools/bin/../lib/gcc/arm-none-eabi/9.3.1/../../../../arm-none-eabi/lib/thumb/v7-m/nofp/libc_nano.a(lib_a-sprintf.o)
 .ARM.attributes
                0x0000000000000449       0x17 /opt/st/stm32cubeide_1.6.1/plugins/com.st.stm32cube.ide.mcu.externaltools.gnu-tools-for-stm32.9-2020-q2-update.linux64_1.5.0.202011040924/tools/bin/../lib/gcc/arm-none-eabi/9.3.1/../../../../arm-none-eabi/lib/thumb/v7-m/nofp/libc_nano.a(lib_a-strlen.o)
 .ARM.attributes
                0x0000000000000460       0x2d /opt/st/stm32cubeide_1.6.1/plugins/com.st.stm32cube.ide.mcu.externaltools.gnu-tools-for-stm32.9-2020-q2-update.linux64_1.5.0.202011040924/tools/bin/../lib/gcc/arm-none-eabi/9.3.1/../../../../arm-none-eabi/lib/thumb/v7-m/nofp/libc_nano.a(lib_a-nano-svfprintf.o)
 .ARM.attributes
                0x000000000000048d       0x2d /opt/st/stm32cubeide_1.6.1/plugins/com.st.stm32cube.ide.mcu.externaltools.gnu-tools-for-stm32.9-2020-q2-update.linux64_1.5.0.202011040924/tools/bin/../lib/gcc/arm-none-eabi/9.3.1/../../../../arm-none-eabi/lib/thumb/v7-m/nofp/libc_nano.a(lib_a-nano-vfprintf_i.o)
 .ARM.attributes
                0x00000000000004ba       0x2d /opt/st/stm32cubeide_1.6.1/plugins/com.st.stm32cube.ide.mcu.externaltools.gnu-tools-for-stm32.9-2020-q2-update.linux64_1.5.0.202011040924/tools/bin/../lib/gcc/arm-none-eabi/9.3.1/../../../../arm-none-eabi/lib/thumb/v7-m/nofp/libc_nano.a(lib_a-memchr-stub.o)
 .ARM.attributes
                0x00000000000004e7       0x2d /opt/st/stm32cubeide_1.6.1/plugins/com.st.stm32cube.ide.mcu.externaltools.gnu-tools-for-stm32.9-2020-q2-update.linux64_1.5.0.202011040924/tools/bin/../lib/gcc/arm-none-eabi/9.3.1/../../../../arm-none-eabi/lib/thumb/v7-m/nofp/libc_nano.a(lib_a-memcpy-stub.o)
 .ARM.attributes
                0x0000000000000514       0x2d /opt/st/stm32cubeide_1.6.1/plugins/com.st.stm32cube.ide.mcu.externaltools.gnu-tools-for-stm32.9-2020-q2-update.linux64_1.5.0.202011040924/tools/bin/../lib/gcc/arm-none-eabi/9.3.1/../../../../arm-none-eabi/lib/thumb/v7-m/nofp/libc_nano.a(lib_a-memmove.o)
 .ARM.attributes
                0x0000000000000541       0x2d /opt/st/stm32cubeide_1.6.1/plugins/com.st.stm32cube.ide.mcu.externaltools.gnu-tools-for-stm32.9-2020-q2-update.linux64_1.5.0.202011040924/tools/bin/../lib/gcc/arm-none-eabi/9.3.1/../../../../arm-none-eabi/lib/thumb/v7-m/nofp/libc_nano.a(lib_a-nano-freer.o)
 .ARM.attributes
                0x000000000000056e       0x2d /opt/st/stm32cubeide_1.6.1/plugins/com.st.stm32cube.ide.mcu.externaltools.gnu-tools-for-stm32.9-2020-q2-update.linux64_1.5.0.202011040924/tools/bin/../lib/gcc/arm-none-eabi/9.3.1/../../../../arm-none-eabi/lib/thumb/v7-m/nofp/libc_nano.a(lib_a-nano-mallocr.o)
 .ARM.attributes
                0x000000000000059b       0x2d /opt/st/stm32cubeide_1.6.1/plugins/com.st.stm32cube.ide.mcu.externaltools.gnu-tools-for-stm32.9-2020-q2-update.linux64_1.5.0.202011040924/tools/bin/../lib/gcc/arm-none-eabi/9.3.1/../../../../arm-none-eabi/lib/thumb/v7-m/nofp/libc_nano.a(lib_a-nano-reallocr.o)
 .ARM.attributes
                0x00000000000005c8       0x2d /opt/st/stm32cubeide_1.6.1/plugins/com.st.stm32cube.ide.mcu.externaltools.gnu-tools-for-stm32.9-2020-q2-update.linux64_1.5.0.202011040924/tools/bin/../lib/gcc/arm-none-eabi/9.3.1/../../../../arm-none-eabi/lib/thumb/v7-m/nofp/libc_nano.a(lib_a-sbrkr.o)
 .ARM.attributes
                0x00000000000005f5       0x2d /opt/st/stm32cubeide_1.6.1/plugins/com.st.stm32cube.ide.mcu.externaltools.gnu-tools-for-stm32.9-2020-q2-update.linux64_1.5.0.202011040924/tools/bin/../lib/gcc/arm-none-eabi/9.3.1/../../../../arm-none-eabi/lib/thumb/v7-m/nofp/libc_nano.a(lib_a-mlock.o)
 .ARM.attributes
                0x0000000000000622       0x2d /opt/st/stm32cubeide_1.6.1/plugins/com.st.stm32cube.ide.mcu.externaltools.gnu-tools-for-stm32.9-2020-q2-update.linux64_1.5.0.202011040924/tools/bin/../lib/gcc/arm-none-eabi/9.3.1/../../../../arm-none-eabi/lib/thumb/v7-m/nofp/libc_nano.a(lib_a-nano-msizer.o)
 .ARM.attributes
                0x000000000000064f       0x2d /opt/st/stm32cubeide_1.6.1/plugins/com.st.stm32cube.ide.mcu.externaltools.gnu-tools-for-stm32.9-2020-q2-update.linux64_1.5.0.202011040924/tools/bin/../lib/gcc/arm-none-eabi/9.3.1/../../../../arm-none-eabi/lib/thumb/v7-m/nofp/libc_nano.a(lib_a-reent.o)
 .ARM.attributes
                0x000000000000067c       0x2d /opt/st/stm32cubeide_1.6.1/plugins/com.st.stm32cube.ide.mcu.externaltools.gnu-tools-for-stm32.9-2020-q2-update.linux64_1.5.0.202011040924/tools/bin/../lib/gcc/arm-none-eabi/9.3.1/../../../../arm-none-eabi/lib/thumb/v7-m/nofp/libc_nano.a(lib_a-lock.o)
 .ARM.attributes
                0x00000000000006a9       0x1d /opt/st/stm32cubeide_1.6.1/plugins/com.st.stm32cube.ide.mcu.externaltools.gnu-tools-for-stm32.9-2020-q2-update.linux64_1.5.0.202011040924/tools/bin/../lib/gcc/arm-none-eabi/9.3.1/thumb/v7-m/nofp/crtn.o
OUTPUT(telemetriaRodas.elf elf32-littlearm)
LOAD linker stubs
LOAD /opt/st/stm32cubeide_1.6.1/plugins/com.st.stm32cube.ide.mcu.externaltools.gnu-tools-for-stm32.9-2020-q2-update.linux64_1.5.0.202011040924/tools/bin/../lib/gcc/arm-none-eabi/9.3.1/../../../../arm-none-eabi/lib/thumb/v7-m/nofp/libc.a
LOAD /opt/st/stm32cubeide_1.6.1/plugins/com.st.stm32cube.ide.mcu.externaltools.gnu-tools-for-stm32.9-2020-q2-update.linux64_1.5.0.202011040924/tools/bin/../lib/gcc/arm-none-eabi/9.3.1/../../../../arm-none-eabi/lib/thumb/v7-m/nofp/libm.a
LOAD /opt/st/stm32cubeide_1.6.1/plugins/com.st.stm32cube.ide.mcu.externaltools.gnu-tools-for-stm32.9-2020-q2-update.linux64_1.5.0.202011040924/tools/bin/../lib/gcc/arm-none-eabi/9.3.1/thumb/v7-m/nofp/libgcc.a

.debug_info     0x0000000000000000    0x12a83
 .debug_info    0x0000000000000000     0x1556 Core/Src/main.o
 .debug_info    0x0000000000001556     0x1246 Core/Src/mlx90614.o
 .debug_info    0x000000000000279c     0x177e Core/Src/stm32f1xx_hal_msp.o
 .debug_info    0x0000000000003f1a     0x11d9 Core/Src/stm32f1xx_it.o
 .debug_info    0x00000000000050f3      0xa25 Core/Src/sysmem.o
 .debug_info    0x0000000000005b18      0x2be Core/Src/system_stm32f1xx.o
 .debug_info    0x0000000000005dd6     0x1c75 Core/Src/telemetriarodas.o
 .debug_info    0x0000000000007a4b       0x22 Core/Startup/startup_stm32f103c8tx.o
 .debug_info    0x0000000000007a6d      0x76a Drivers/STM32F1xx_HAL_Driver/Src/stm32f1xx_hal.o
 .debug_info    0x00000000000081d7     0x107f Drivers/STM32F1xx_HAL_Driver/Src/stm32f1xx_hal_can.o
 .debug_info    0x0000000000009256      0xbdc Drivers/STM32F1xx_HAL_Driver/Src/stm32f1xx_hal_cortex.o
 .debug_info    0x0000000000009e32      0x701 Drivers/STM32F1xx_HAL_Driver/Src/stm32f1xx_hal_gpio.o
 .debug_info    0x000000000000a533     0x278e Drivers/STM32F1xx_HAL_Driver/Src/stm32f1xx_hal_i2c.o
 .debug_info    0x000000000000ccc1      0x88e Drivers/STM32F1xx_HAL_Driver/Src/stm32f1xx_hal_rcc.o
 .debug_info    0x000000000000d54f     0x2a45 Drivers/STM32F1xx_HAL_Driver/Src/stm32f1xx_hal_tim.o
 .debug_info    0x000000000000ff94     0x14d5 Drivers/STM32F1xx_HAL_Driver/Src/stm32f1xx_hal_tim_ex.o
 .debug_info    0x0000000000011469     0x161a Drivers/STM32F1xx_HAL_Driver/Src/stm32f1xx_hal_uart.o

.debug_abbrev   0x0000000000000000     0x2571
 .debug_abbrev  0x0000000000000000      0x2f4 Core/Src/main.o
 .debug_abbrev  0x00000000000002f4      0x285 Core/Src/mlx90614.o
 .debug_abbrev  0x0000000000000579      0x26e Core/Src/stm32f1xx_hal_msp.o
 .debug_abbrev  0x00000000000007e7      0x209 Core/Src/stm32f1xx_it.o
 .debug_abbrev  0x00000000000009f0      0x1bf Core/Src/sysmem.o
 .debug_abbrev  0x0000000000000baf      0x14e Core/Src/system_stm32f1xx.o
 .debug_abbrev  0x0000000000000cfd      0x2fb Core/Src/telemetriarodas.o
 .debug_abbrev  0x0000000000000ff8       0x12 Core/Startup/startup_stm32f103c8tx.o
 .debug_abbrev  0x000000000000100a      0x1ed Drivers/STM32F1xx_HAL_Driver/Src/stm32f1xx_hal.o
 .debug_abbrev  0x00000000000011f7      0x235 Drivers/STM32F1xx_HAL_Driver/Src/stm32f1xx_hal_can.o
 .debug_abbrev  0x000000000000142c      0x313 Drivers/STM32F1xx_HAL_Driver/Src/stm32f1xx_hal_cortex.o
 .debug_abbrev  0x000000000000173f      0x1e8 Drivers/STM32F1xx_HAL_Driver/Src/stm32f1xx_hal_gpio.o
 .debug_abbrev  0x0000000000001927      0x288 Drivers/STM32F1xx_HAL_Driver/Src/stm32f1xx_hal_i2c.o
 .debug_abbrev  0x0000000000001baf      0x273 Drivers/STM32F1xx_HAL_Driver/Src/stm32f1xx_hal_rcc.o
 .debug_abbrev  0x0000000000001e22      0x25e Drivers/STM32F1xx_HAL_Driver/Src/stm32f1xx_hal_tim.o
 .debug_abbrev  0x0000000000002080      0x266 Drivers/STM32F1xx_HAL_Driver/Src/stm32f1xx_hal_tim_ex.o
 .debug_abbrev  0x00000000000022e6      0x28b Drivers/STM32F1xx_HAL_Driver/Src/stm32f1xx_hal_uart.o

.debug_aranges  0x0000000000000000     0x1028
 .debug_aranges
                0x0000000000000000       0x60 Core/Src/main.o
 .debug_aranges
                0x0000000000000060       0x48 Core/Src/mlx90614.o
 .debug_aranges
                0x00000000000000a8       0x70 Core/Src/stm32f1xx_hal_msp.o
 .debug_aranges
                0x0000000000000118       0x88 Core/Src/stm32f1xx_it.o
 .debug_aranges
                0x00000000000001a0       0x20 Core/Src/sysmem.o
 .debug_aranges
                0x00000000000001c0       0x28 Core/Src/system_stm32f1xx.o
 .debug_aranges
                0x00000000000001e8       0x40 Core/Src/telemetriarodas.o
 .debug_aranges
                0x0000000000000228       0x28 Core/Startup/startup_stm32f103c8tx.o
 .debug_aranges
                0x0000000000000250       0xe0 Drivers/STM32F1xx_HAL_Driver/Src/stm32f1xx_hal.o
 .debug_aranges
                0x0000000000000330      0x138 Drivers/STM32F1xx_HAL_Driver/Src/stm32f1xx_hal_can.o
 .debug_aranges
                0x0000000000000468      0x100 Drivers/STM32F1xx_HAL_Driver/Src/stm32f1xx_hal_cortex.o
 .debug_aranges
                0x0000000000000568       0x58 Drivers/STM32F1xx_HAL_Driver/Src/stm32f1xx_hal_gpio.o
 .debug_aranges
                0x00000000000005c0      0x2a0 Drivers/STM32F1xx_HAL_Driver/Src/stm32f1xx_hal_i2c.o
 .debug_aranges
                0x0000000000000860       0x90 Drivers/STM32F1xx_HAL_Driver/Src/stm32f1xx_hal_rcc.o
 .debug_aranges
                0x00000000000008f0      0x3d0 Drivers/STM32F1xx_HAL_Driver/Src/stm32f1xx_hal_tim.o
 .debug_aranges
                0x0000000000000cc0      0x168 Drivers/STM32F1xx_HAL_Driver/Src/stm32f1xx_hal_tim_ex.o
 .debug_aranges
                0x0000000000000e28      0x200 Drivers/STM32F1xx_HAL_Driver/Src/stm32f1xx_hal_uart.o

.debug_ranges   0x0000000000000000      0xf78
 .debug_ranges  0x0000000000000000       0x50 Core/Src/main.o
 .debug_ranges  0x0000000000000050       0x38 Core/Src/mlx90614.o
 .debug_ranges  0x0000000000000088       0x60 Core/Src/stm32f1xx_hal_msp.o
 .debug_ranges  0x00000000000000e8       0x78 Core/Src/stm32f1xx_it.o
 .debug_ranges  0x0000000000000160       0x10 Core/Src/sysmem.o
 .debug_ranges  0x0000000000000170       0x18 Core/Src/system_stm32f1xx.o
 .debug_ranges  0x0000000000000188       0x30 Core/Src/telemetriarodas.o
 .debug_ranges  0x00000000000001b8       0x20 Core/Startup/startup_stm32f103c8tx.o
 .debug_ranges  0x00000000000001d8       0xd0 Drivers/STM32F1xx_HAL_Driver/Src/stm32f1xx_hal.o
 .debug_ranges  0x00000000000002a8      0x128 Drivers/STM32F1xx_HAL_Driver/Src/stm32f1xx_hal_can.o
 .debug_ranges  0x00000000000003d0       0xf0 Drivers/STM32F1xx_HAL_Driver/Src/stm32f1xx_hal_cortex.o
 .debug_ranges  0x00000000000004c0       0x48 Drivers/STM32F1xx_HAL_Driver/Src/stm32f1xx_hal_gpio.o
 .debug_ranges  0x0000000000000508      0x2b8 Drivers/STM32F1xx_HAL_Driver/Src/stm32f1xx_hal_i2c.o
 .debug_ranges  0x00000000000007c0       0x80 Drivers/STM32F1xx_HAL_Driver/Src/stm32f1xx_hal_rcc.o
 .debug_ranges  0x0000000000000840      0x3c0 Drivers/STM32F1xx_HAL_Driver/Src/stm32f1xx_hal_tim.o
 .debug_ranges  0x0000000000000c00      0x158 Drivers/STM32F1xx_HAL_Driver/Src/stm32f1xx_hal_tim_ex.o
 .debug_ranges  0x0000000000000d58      0x220 Drivers/STM32F1xx_HAL_Driver/Src/stm32f1xx_hal_uart.o

.debug_macro    0x0000000000000000    0x192ab
 .debug_macro   0x0000000000000000      0x1e2 Core/Src/main.o
 .debug_macro   0x00000000000001e2      0xa9c Core/Src/main.o
 .debug_macro   0x0000000000000c7e      0x227 Core/Src/main.o
 .debug_macro   0x0000000000000ea5       0x2e Core/Src/main.o
 .debug_macro   0x0000000000000ed3       0x22 Core/Src/main.o
 .debug_macro   0x0000000000000ef5       0x22 Core/Src/main.o
 .debug_macro   0x0000000000000f17       0x8e Core/Src/main.o
 .debug_macro   0x0000000000000fa5       0x51 Core/Src/main.o
 .debug_macro   0x0000000000000ff6      0x103 Core/Src/main.o
 .debug_macro   0x00000000000010f9       0x6a Core/Src/main.o
 .debug_macro   0x0000000000001163      0x1df Core/Src/main.o
 .debug_macro   0x0000000000001342       0x1c Core/Src/main.o
 .debug_macro   0x000000000000135e       0x22 Core/Src/main.o
 .debug_macro   0x0000000000001380       0xc3 Core/Src/main.o
 .debug_macro   0x0000000000001443      0xd23 Core/Src/main.o
 .debug_macro   0x0000000000002166     0xe09e Core/Src/main.o
 .debug_macro   0x0000000000010204       0x6d Core/Src/main.o
 .debug_macro   0x0000000000010271     0x3468 Core/Src/main.o
 .debug_macro   0x00000000000136d9      0x174 Core/Src/main.o
 .debug_macro   0x000000000001384d       0x5c Core/Src/main.o
 .debug_macro   0x00000000000138a9      0x5be Core/Src/main.o
 .debug_macro   0x0000000000013e67      0x289 Core/Src/main.o
 .debug_macro   0x00000000000140f0      0x1cb Core/Src/main.o
 .debug_macro   0x00000000000142bb      0x114 Core/Src/main.o
 .debug_macro   0x00000000000143cf      0x1b2 Core/Src/main.o
 .debug_macro   0x0000000000014581       0x27 Core/Src/main.o
 .debug_macro   0x00000000000145a8      0x136 Core/Src/main.o
 .debug_macro   0x00000000000146de      0x1bc Core/Src/main.o
 .debug_macro   0x000000000001489a       0x34 Core/Src/main.o
 .debug_macro   0x00000000000148ce       0x3c Core/Src/main.o
 .debug_macro   0x000000000001490a      0x408 Core/Src/main.o
 .debug_macro   0x0000000000014d12       0x57 Core/Src/main.o
 .debug_macro   0x0000000000014d69       0x88 Core/Src/main.o
 .debug_macro   0x0000000000014df1      0x241 Core/Src/main.o
 .debug_macro   0x0000000000015032      0x287 Core/Src/main.o
 .debug_macro   0x00000000000152b9      0x141 Core/Src/main.o
 .debug_macro   0x00000000000153fa      0x8d1 Core/Src/main.o
 .debug_macro   0x0000000000015ccb      0x279 Core/Src/main.o
 .debug_macro   0x0000000000015f44       0x83 Core/Src/main.o
 .debug_macro   0x0000000000015fc7       0x9a Core/Src/main.o
 .debug_macro   0x0000000000016061       0x10 Core/Src/main.o
 .debug_macro   0x0000000000016071       0x94 Core/Src/main.o
 .debug_macro   0x0000000000016105      0x34c Core/Src/mlx90614.o
 .debug_macro   0x0000000000016451       0x4c Core/Src/mlx90614.o
 .debug_macro   0x000000000001649d       0x18 Core/Src/mlx90614.o
 .debug_macro   0x00000000000164b5       0x94 Core/Src/mlx90614.o
 .debug_macro   0x0000000000016549       0x3c Core/Src/mlx90614.o
 .debug_macro   0x0000000000016585       0x34 Core/Src/mlx90614.o
 .debug_macro   0x00000000000165b9       0x1c Core/Src/mlx90614.o
 .debug_macro   0x00000000000165d5       0x1c Core/Src/mlx90614.o
 .debug_macro   0x00000000000165f1       0x57 Core/Src/mlx90614.o
 .debug_macro   0x0000000000016648       0x97 Core/Src/mlx90614.o
 .debug_macro   0x00000000000166df      0x339 Core/Src/mlx90614.o
 .debug_macro   0x0000000000016a18       0xfd Core/Src/mlx90614.o
 .debug_macro   0x0000000000016b15       0x10 Core/Src/mlx90614.o
 .debug_macro   0x0000000000016b25       0x16 Core/Src/mlx90614.o
 .debug_macro   0x0000000000016b3b       0x43 Core/Src/mlx90614.o
 .debug_macro   0x0000000000016b7e       0x34 Core/Src/mlx90614.o
 .debug_macro   0x0000000000016bb2       0x10 Core/Src/mlx90614.o
 .debug_macro   0x0000000000016bc2       0x58 Core/Src/mlx90614.o
 .debug_macro   0x0000000000016c1a       0x71 Core/Src/mlx90614.o
 .debug_macro   0x0000000000016c8b       0x16 Core/Src/mlx90614.o
 .debug_macro   0x0000000000016ca1      0x12a Core/Src/mlx90614.o
 .debug_macro   0x0000000000016dcb       0x10 Core/Src/mlx90614.o
 .debug_macro   0x0000000000016ddb       0x1c Core/Src/mlx90614.o
 .debug_macro   0x0000000000016df7       0x52 Core/Src/mlx90614.o
 .debug_macro   0x0000000000016e49       0x22 Core/Src/mlx90614.o
 .debug_macro   0x0000000000016e6b       0x10 Core/Src/mlx90614.o
 .debug_macro   0x0000000000016e7b       0x40 Core/Src/mlx90614.o
 .debug_macro   0x0000000000016ebb       0xd5 Core/Src/mlx90614.o
 .debug_macro   0x0000000000016f90       0x1c Core/Src/mlx90614.o
 .debug_macro   0x0000000000016fac       0x3d Core/Src/mlx90614.o
 .debug_macro   0x0000000000016fe9       0x16 Core/Src/mlx90614.o
 .debug_macro   0x0000000000016fff      0x145 Core/Src/mlx90614.o
 .debug_macro   0x0000000000017144       0x16 Core/Src/mlx90614.o
 .debug_macro   0x000000000001715a       0x35 Core/Src/mlx90614.o
 .debug_macro   0x000000000001718f       0x20 Core/Src/mlx90614.o
 .debug_macro   0x00000000000171af       0xbd Core/Src/mlx90614.o
 .debug_macro   0x000000000001726c       0x56 Core/Src/mlx90614.o
 .debug_macro   0x00000000000172c2      0x1e2 Core/Src/stm32f1xx_hal_msp.o
 .debug_macro   0x00000000000174a4      0x1ec Core/Src/stm32f1xx_it.o
 .debug_macro   0x0000000000017690       0xff Core/Src/sysmem.o
 .debug_macro   0x000000000001778f      0x23b Core/Src/sysmem.o
 .debug_macro   0x00000000000179ca      0x1b7 Core/Src/system_stm32f1xx.o
 .debug_macro   0x0000000000017b81      0x32e Core/Src/telemetriarodas.o
 .debug_macro   0x0000000000017eaf       0x52 Core/Src/telemetriarodas.o
 .debug_macro   0x0000000000017f01       0x16 Core/Src/telemetriarodas.o
 .debug_macro   0x0000000000017f17      0x333 Core/Src/telemetriarodas.o
 .debug_macro   0x000000000001824a      0x1db Drivers/STM32F1xx_HAL_Driver/Src/stm32f1xx_hal.o
 .debug_macro   0x0000000000018425      0x1bf Drivers/STM32F1xx_HAL_Driver/Src/stm32f1xx_hal_can.o
 .debug_macro   0x00000000000185e4      0x1b7 Drivers/STM32F1xx_HAL_Driver/Src/stm32f1xx_hal_cortex.o
 .debug_macro   0x000000000001879b      0x222 Drivers/STM32F1xx_HAL_Driver/Src/stm32f1xx_hal_gpio.o
 .debug_macro   0x00000000000189bd      0x1fe Drivers/STM32F1xx_HAL_Driver/Src/stm32f1xx_hal_i2c.o
 .debug_macro   0x0000000000018bbb      0x1c9 Drivers/STM32F1xx_HAL_Driver/Src/stm32f1xx_hal_rcc.o
 .debug_macro   0x0000000000018d84      0x1b8 Drivers/STM32F1xx_HAL_Driver/Src/stm32f1xx_hal_tim.o
 .debug_macro   0x0000000000018f3c      0x1b7 Drivers/STM32F1xx_HAL_Driver/Src/stm32f1xx_hal_tim_ex.o
 .debug_macro   0x00000000000190f3      0x1b8 Drivers/STM32F1xx_HAL_Driver/Src/stm32f1xx_hal_uart.o

.debug_line     0x0000000000000000    0x11496
 .debug_line    0x0000000000000000      0x8c8 Core/Src/main.o
 .debug_line    0x00000000000008c8      0xa05 Core/Src/mlx90614.o
 .debug_line    0x00000000000012cd      0x843 Core/Src/stm32f1xx_hal_msp.o
 .debug_line    0x0000000000001b10      0x7e4 Core/Src/stm32f1xx_it.o
 .debug_line    0x00000000000022f4      0x4cb Core/Src/sysmem.o
 .debug_line    0x00000000000027bf      0x705 Core/Src/system_stm32f1xx.o
 .debug_line    0x0000000000002ec4      0x9c5 Core/Src/telemetriarodas.o
 .debug_line    0x0000000000003889       0x87 Core/Startup/startup_stm32f103c8tx.o
 .debug_line    0x0000000000003910      0x932 Drivers/STM32F1xx_HAL_Driver/Src/stm32f1xx_hal.o
 .debug_line    0x0000000000004242     0x10d3 Drivers/STM32F1xx_HAL_Driver/Src/stm32f1xx_hal_can.o
 .debug_line    0x0000000000005315      0xb1a Drivers/STM32F1xx_HAL_Driver/Src/stm32f1xx_hal_cortex.o
 .debug_line    0x0000000000005e2f      0x9c9 Drivers/STM32F1xx_HAL_Driver/Src/stm32f1xx_hal_gpio.o
 .debug_line    0x00000000000067f8     0x3a1c Drivers/STM32F1xx_HAL_Driver/Src/stm32f1xx_hal_i2c.o
 .debug_line    0x000000000000a214      0xd40 Drivers/STM32F1xx_HAL_Driver/Src/stm32f1xx_hal_rcc.o
 .debug_line    0x000000000000af54     0x32db Drivers/STM32F1xx_HAL_Driver/Src/stm32f1xx_hal_tim.o
 .debug_line    0x000000000000e22f     0x185a Drivers/STM32F1xx_HAL_Driver/Src/stm32f1xx_hal_tim_ex.o
 .debug_line    0x000000000000fa89     0x1a0d Drivers/STM32F1xx_HAL_Driver/Src/stm32f1xx_hal_uart.o

.debug_str      0x0000000000000000    0x8fce4
 .debug_str     0x0000000000000000    0x87c13 Core/Src/main.o
                                      0x880c1 (size before relaxing)
 .debug_str     0x0000000000087c13     0x41d8 Core/Src/mlx90614.o
                                      0x8b869 (size before relaxing)
 .debug_str     0x000000000008bdeb      0x3ca Core/Src/stm32f1xx_hal_msp.o
                                      0x8823f (size before relaxing)
 .debug_str     0x000000000008c1b5       0xe4 Core/Src/stm32f1xx_it.o
                                      0x87edb (size before relaxing)
 .debug_str     0x000000000008c299      0x4e9 Core/Src/sysmem.o
                                       0x6256 (size before relaxing)
 .debug_str     0x000000000008c782       0x52 Core/Src/system_stm32f1xx.o
                                      0x86ec5 (size before relaxing)
 .debug_str     0x000000000008c7d4      0x183 Core/Src/telemetriarodas.o
                                      0x8c061 (size before relaxing)
 .debug_str     0x000000000008c957       0x36 Core/Startup/startup_stm32f103c8tx.o
                                         0x6a (size before relaxing)
 .debug_str     0x000000000008c98d      0x2f2 Drivers/STM32F1xx_HAL_Driver/Src/stm32f1xx_hal.o
                                      0x87556 (size before relaxing)
 .debug_str     0x000000000008cc7f      0x48f Drivers/STM32F1xx_HAL_Driver/Src/stm32f1xx_hal_can.o
                                      0x876e5 (size before relaxing)
 .debug_str     0x000000000008d10e      0x2d8 Drivers/STM32F1xx_HAL_Driver/Src/stm32f1xx_hal_cortex.o
                                      0x8755e (size before relaxing)
 .debug_str     0x000000000008d3e6      0x33b Drivers/STM32F1xx_HAL_Driver/Src/stm32f1xx_hal_gpio.o
                                      0x87289 (size before relaxing)
 .debug_str     0x000000000008d721      0xb47 Drivers/STM32F1xx_HAL_Driver/Src/stm32f1xx_hal_i2c.o
                                      0x87f01 (size before relaxing)
 .debug_str     0x000000000008e268      0x244 Drivers/STM32F1xx_HAL_Driver/Src/stm32f1xx_hal_rcc.o
                                      0x872c2 (size before relaxing)
 .debug_str     0x000000000008e4ac      0xd84 Drivers/STM32F1xx_HAL_Driver/Src/stm32f1xx_hal_tim.o
                                      0x88294 (size before relaxing)
 .debug_str     0x000000000008f230      0x4ee Drivers/STM32F1xx_HAL_Driver/Src/stm32f1xx_hal_tim_ex.o
                                      0x87a45 (size before relaxing)
 .debug_str     0x000000000008f71e      0x5c6 Drivers/STM32F1xx_HAL_Driver/Src/stm32f1xx_hal_uart.o
                                      0x878b4 (size before relaxing)

.comment        0x0000000000000000       0x53
 .comment       0x0000000000000000       0x53 Core/Src/main.o
                                         0x54 (size before relaxing)
 .comment       0x0000000000000053       0x54 Core/Src/mlx90614.o
 .comment       0x0000000000000053       0x54 Core/Src/stm32f1xx_hal_msp.o
 .comment       0x0000000000000053       0x54 Core/Src/stm32f1xx_it.o
 .comment       0x0000000000000053       0x54 Core/Src/sysmem.o
 .comment       0x0000000000000053       0x54 Core/Src/system_stm32f1xx.o
 .comment       0x0000000000000053       0x54 Core/Src/telemetriarodas.o
 .comment       0x0000000000000053       0x54 Drivers/STM32F1xx_HAL_Driver/Src/stm32f1xx_hal.o
 .comment       0x0000000000000053       0x54 Drivers/STM32F1xx_HAL_Driver/Src/stm32f1xx_hal_can.o
 .comment       0x0000000000000053       0x54 Drivers/STM32F1xx_HAL_Driver/Src/stm32f1xx_hal_cortex.o
 .comment       0x0000000000000053       0x54 Drivers/STM32F1xx_HAL_Driver/Src/stm32f1xx_hal_gpio.o
 .comment       0x0000000000000053       0x54 Drivers/STM32F1xx_HAL_Driver/Src/stm32f1xx_hal_i2c.o
 .comment       0x0000000000000053       0x54 Drivers/STM32F1xx_HAL_Driver/Src/stm32f1xx_hal_rcc.o
 .comment       0x0000000000000053       0x54 Drivers/STM32F1xx_HAL_Driver/Src/stm32f1xx_hal_tim.o
 .comment       0x0000000000000053       0x54 Drivers/STM32F1xx_HAL_Driver/Src/stm32f1xx_hal_tim_ex.o
 .comment       0x0000000000000053       0x54 Drivers/STM32F1xx_HAL_Driver/Src/stm32f1xx_hal_uart.o

.debug_frame    0x0000000000000000     0x495c
 .debug_frame   0x0000000000000000      0x12c Core/Src/main.o
 .debug_frame   0x000000000000012c       0xf8 Core/Src/mlx90614.o
 .debug_frame   0x0000000000000224      0x1a0 Core/Src/stm32f1xx_hal_msp.o
 .debug_frame   0x00000000000003c4      0x190 Core/Src/stm32f1xx_it.o
 .debug_frame   0x0000000000000554       0x34 Core/Src/sysmem.o
 .debug_frame   0x0000000000000588       0x58 Core/Src/system_stm32f1xx.o
 .debug_frame   0x00000000000005e0       0xd0 Core/Src/telemetriarodas.o
 .debug_frame   0x00000000000006b0      0x334 Drivers/STM32F1xx_HAL_Driver/Src/stm32f1xx_hal.o
 .debug_frame   0x00000000000009e4      0x5a0 Drivers/STM32F1xx_HAL_Driver/Src/stm32f1xx_hal_can.o
 .debug_frame   0x0000000000000f84      0x428 Drivers/STM32F1xx_HAL_Driver/Src/stm32f1xx_hal_cortex.o
 .debug_frame   0x00000000000013ac      0x14c Drivers/STM32F1xx_HAL_Driver/Src/stm32f1xx_hal_gpio.o
 .debug_frame   0x00000000000014f8      0xc5c Drivers/STM32F1xx_HAL_Driver/Src/stm32f1xx_hal_i2c.o
 .debug_frame   0x0000000000002154      0x21c Drivers/STM32F1xx_HAL_Driver/Src/stm32f1xx_hal_rcc.o
 .debug_frame   0x0000000000002370     0x11b8 Drivers/STM32F1xx_HAL_Driver/Src/stm32f1xx_hal_tim.o
 .debug_frame   0x0000000000003528      0x638 Drivers/STM32F1xx_HAL_Driver/Src/stm32f1xx_hal_tim_ex.o
 .debug_frame   0x0000000000003b60      0x914 Drivers/STM32F1xx_HAL_Driver/Src/stm32f1xx_hal_uart.o
 .debug_frame   0x0000000000004474       0x20 /opt/st/stm32cubeide_1.6.1/plugins/com.st.stm32cube.ide.mcu.externaltools.gnu-tools-for-stm32.9-2020-q2-update.linux64_1.5.0.202011040924/tools/bin/../lib/gcc/arm-none-eabi/9.3.1/../../../../arm-none-eabi/lib/thumb/v7-m/nofp/libc_nano.a(lib_a-errno.o)
 .debug_frame   0x0000000000004494       0x2c /opt/st/stm32cubeide_1.6.1/plugins/com.st.stm32cube.ide.mcu.externaltools.gnu-tools-for-stm32.9-2020-q2-update.linux64_1.5.0.202011040924/tools/bin/../lib/gcc/arm-none-eabi/9.3.1/../../../../arm-none-eabi/lib/thumb/v7-m/nofp/libc_nano.a(lib_a-init.o)
 .debug_frame   0x00000000000044c0       0x20 /opt/st/stm32cubeide_1.6.1/plugins/com.st.stm32cube.ide.mcu.externaltools.gnu-tools-for-stm32.9-2020-q2-update.linux64_1.5.0.202011040924/tools/bin/../lib/gcc/arm-none-eabi/9.3.1/../../../../arm-none-eabi/lib/thumb/v7-m/nofp/libc_nano.a(lib_a-memset.o)
 .debug_frame   0x00000000000044e0       0x7c /opt/st/stm32cubeide_1.6.1/plugins/com.st.stm32cube.ide.mcu.externaltools.gnu-tools-for-stm32.9-2020-q2-update.linux64_1.5.0.202011040924/tools/bin/../lib/gcc/arm-none-eabi/9.3.1/../../../../arm-none-eabi/lib/thumb/v7-m/nofp/libc_nano.a(lib_a-snprintf.o)
 .debug_frame   0x000000000000455c       0x6c /opt/st/stm32cubeide_1.6.1/plugins/com.st.stm32cube.ide.mcu.externaltools.gnu-tools-for-stm32.9-2020-q2-update.linux64_1.5.0.202011040924/tools/bin/../lib/gcc/arm-none-eabi/9.3.1/../../../../arm-none-eabi/lib/thumb/v7-m/nofp/libc_nano.a(lib_a-sprintf.o)
 .debug_frame   0x00000000000045c8       0x90 /opt/st/stm32cubeide_1.6.1/plugins/com.st.stm32cube.ide.mcu.externaltools.gnu-tools-for-stm32.9-2020-q2-update.linux64_1.5.0.202011040924/tools/bin/../lib/gcc/arm-none-eabi/9.3.1/../../../../arm-none-eabi/lib/thumb/v7-m/nofp/libc_nano.a(lib_a-nano-svfprintf.o)
 .debug_frame   0x0000000000004658       0x60 /opt/st/stm32cubeide_1.6.1/plugins/com.st.stm32cube.ide.mcu.externaltools.gnu-tools-for-stm32.9-2020-q2-update.linux64_1.5.0.202011040924/tools/bin/../lib/gcc/arm-none-eabi/9.3.1/../../../../arm-none-eabi/lib/thumb/v7-m/nofp/libc_nano.a(lib_a-nano-vfprintf_i.o)
 .debug_frame   0x00000000000046b8       0x28 /opt/st/stm32cubeide_1.6.1/plugins/com.st.stm32cube.ide.mcu.externaltools.gnu-tools-for-stm32.9-2020-q2-update.linux64_1.5.0.202011040924/tools/bin/../lib/gcc/arm-none-eabi/9.3.1/../../../../arm-none-eabi/lib/thumb/v7-m/nofp/libc_nano.a(lib_a-memchr-stub.o)
 .debug_frame   0x00000000000046e0       0x28 /opt/st/stm32cubeide_1.6.1/plugins/com.st.stm32cube.ide.mcu.externaltools.gnu-tools-for-stm32.9-2020-q2-update.linux64_1.5.0.202011040924/tools/bin/../lib/gcc/arm-none-eabi/9.3.1/../../../../arm-none-eabi/lib/thumb/v7-m/nofp/libc_nano.a(lib_a-memcpy-stub.o)
 .debug_frame   0x0000000000004708       0x28 /opt/st/stm32cubeide_1.6.1/plugins/com.st.stm32cube.ide.mcu.externaltools.gnu-tools-for-stm32.9-2020-q2-update.linux64_1.5.0.202011040924/tools/bin/../lib/gcc/arm-none-eabi/9.3.1/../../../../arm-none-eabi/lib/thumb/v7-m/nofp/libc_nano.a(lib_a-memmove.o)
 .debug_frame   0x0000000000004730       0x38 /opt/st/stm32cubeide_1.6.1/plugins/com.st.stm32cube.ide.mcu.externaltools.gnu-tools-for-stm32.9-2020-q2-update.linux64_1.5.0.202011040924/tools/bin/../lib/gcc/arm-none-eabi/9.3.1/../../../../arm-none-eabi/lib/thumb/v7-m/nofp/libc_nano.a(lib_a-nano-freer.o)
 .debug_frame   0x0000000000004768       0x30 /opt/st/stm32cubeide_1.6.1/plugins/com.st.stm32cube.ide.mcu.externaltools.gnu-tools-for-stm32.9-2020-q2-update.linux64_1.5.0.202011040924/tools/bin/../lib/gcc/arm-none-eabi/9.3.1/../../../../arm-none-eabi/lib/thumb/v7-m/nofp/libc_nano.a(lib_a-nano-mallocr.o)
 .debug_frame   0x0000000000004798       0x3c /opt/st/stm32cubeide_1.6.1/plugins/com.st.stm32cube.ide.mcu.externaltools.gnu-tools-for-stm32.9-2020-q2-update.linux64_1.5.0.202011040924/tools/bin/../lib/gcc/arm-none-eabi/9.3.1/../../../../arm-none-eabi/lib/thumb/v7-m/nofp/libc_nano.a(lib_a-nano-reallocr.o)
 .debug_frame   0x00000000000047d4       0x2c /opt/st/stm32cubeide_1.6.1/plugins/com.st.stm32cube.ide.mcu.externaltools.gnu-tools-for-stm32.9-2020-q2-update.linux64_1.5.0.202011040924/tools/bin/../lib/gcc/arm-none-eabi/9.3.1/../../../../arm-none-eabi/lib/thumb/v7-m/nofp/libc_nano.a(lib_a-sbrkr.o)
 .debug_frame   0x0000000000004800       0x30 /opt/st/stm32cubeide_1.6.1/plugins/com.st.stm32cube.ide.mcu.externaltools.gnu-tools-for-stm32.9-2020-q2-update.linux64_1.5.0.202011040924/tools/bin/../lib/gcc/arm-none-eabi/9.3.1/../../../../arm-none-eabi/lib/thumb/v7-m/nofp/libc_nano.a(lib_a-mlock.o)
 .debug_frame   0x0000000000004830       0x20 /opt/st/stm32cubeide_1.6.1/plugins/com.st.stm32cube.ide.mcu.externaltools.gnu-tools-for-stm32.9-2020-q2-update.linux64_1.5.0.202011040924/tools/bin/../lib/gcc/arm-none-eabi/9.3.1/../../../../arm-none-eabi/lib/thumb/v7-m/nofp/libc_nano.a(lib_a-nano-msizer.o)
 .debug_frame   0x0000000000004850       0x5c /opt/st/stm32cubeide_1.6.1/plugins/com.st.stm32cube.ide.mcu.externaltools.gnu-tools-for-stm32.9-2020-q2-update.linux64_1.5.0.202011040924/tools/bin/../lib/gcc/arm-none-eabi/9.3.1/../../../../arm-none-eabi/lib/thumb/v7-m/nofp/libc_nano.a(lib_a-reent.o)
 .debug_frame   0x00000000000048ac       0xb0 /opt/st/stm32cubeide_1.6.1/plugins/com.st.stm32cube.ide.mcu.externaltools.gnu-tools-for-stm32.9-2020-q2-update.linux64_1.5.0.202011040924/tools/bin/../lib/gcc/arm-none-eabi/9.3.1/../../../../arm-none-eabi/lib/thumb/v7-m/nofp/libc_nano.a(lib_a-lock.o)
